🤖 [2026-02-14 18:01:03] 开始自动选品...
========================================
🤖 抖音自动选品系统 - 全自动模式
========================================

🔍 正在抓取高佣商品...
✅ 已抓取5个高佣商品
🧠 智能筛选商品...
✅ 智能筛选完成，选定3个商品
  1. 硅胶保鲜盖套装 - 佣金45% - 评分22.25
  2. 多功能厨房剪刀 - 佣金40% - 评分19.78
  3. 便携折叠收纳箱 - 佣金35% - 评分17.41
📝 生成商品详情...
  ✅ 商品1: 硅胶保鲜盖套装
  ✅ 商品2: 多功能厨房剪刀
  ✅ 商品3: 便携折叠收纳箱

✅ 自动选品完成！
📦 已选定3个高佣商品
📁 数据保存在: /home/user/.openclaw/workspace/douyin-auto/data/
⏰ 下次选品: 1小时后
========================================
🚀 [2026-02-14 18:01:03] 开始自动上架...
========================================
🚀 抖店自动上架系统
========================================

📤 正在自动上架商品到抖店...
📝 准备上架3个商品
Traceback (most recent call last):
  File "<stdin>", line 17, in <module>
FileNotFoundError: [Errno 2] No such file or directory: '/home/user/.openclaw/workspace/douyin-auto/data/product_20260214_18_{i}.json'
🤖 [2026-02-14 19:00:20] 开始自动选品...
========================================
🤖 抖音自动选品系统 - 全自动模式
========================================

🔍 正在抓取高佣商品...
✅ 已抓取5个高佣商品
🧠 智能筛选商品...
✅ 智能筛选完成，选定3个商品
  1. 硅胶保鲜盖套装 - 佣金45% - 评分22.25
  2. 多功能厨房剪刀 - 佣金40% - 评分19.78
  3. 便携折叠收纳箱 - 佣金35% - 评分17.41
📝 生成商品详情...
  ✅ 商品1: 硅胶保鲜盖套装
  ✅ 商品2: 多功能厨房剪刀
  ✅ 商品3: 便携折叠收纳箱

✅ 自动选品完成！
📦 已选定3个高佣商品
📁 数据保存在: /home/user/.openclaw/workspace/douyin-auto/data/
⏰ 下次选品: 1小时后
========================================
🚀 [2026-02-14 19:00:20] 开始自动上架...
========================================
🚀 抖店自动上架系统
========================================

📤 正在自动上架商品到抖店...
📝 准备上架3个商品
Traceback (most recent call last):
  File "<stdin>", line 17, in <module>
FileNotFoundError: [Errno 2] No such file or directory: '/home/user/.openclaw/workspace/douyin-auto/data/product_20260214_19_{i}.json'
🤖 [2026-02-14 20:00:39] 开始自动选品...
========================================
🤖 抖音自动选品系统 - 全自动模式
========================================

🔍 正在抓取高佣商品...
✅ 已抓取5个高佣商品
🧠 智能筛选商品...
✅ 智能筛选完成，选定3个商品
  1. 硅胶保鲜盖套装 - 佣金45% - 评分22.25
  2. 多功能厨房剪刀 - 佣金40% - 评分19.78
  3. 便携折叠收纳箱 - 佣金35% - 评分17.41
📝 生成商品详情...
  ✅ 商品1: 硅胶保鲜盖套装
  ✅ 商品2: 多功能厨房剪刀
  ✅ 商品3: 便携折叠收纳箱

✅ 自动选品完成！
📦 已选定3个高佣商品
📁 数据保存在: /home/user/.openclaw/workspace/douyin-auto/data/
⏰ 下次选品: 1小时后
========================================
🚀 [2026-02-14 20:00:39] 开始自动上架...
========================================
🚀 抖店自动上架系统
========================================

📤 正在自动上架商品到抖店...
📝 准备上架3个商品
Traceback (most recent call last):
  File "<stdin>", line 17, in <module>
FileNotFoundError: [Errno 2] No such file or directory: '/home/user/.openclaw/workspace/douyin-auto/data/product_20260214_20_{i}.json'
🤖 [2026-02-14 21:00:19] 开始自动选品...
========================================
🤖 抖音自动选品系统 - 全自动模式
========================================

🔍 正在抓取高佣商品...
✅ 已抓取5个高佣商品
🧠 智能筛选商品...
✅ 智能筛选完成，选定3个商品
  1. 硅胶保鲜盖套装 - 佣金45% - 评分22.25
  2. 多功能厨房剪刀 - 佣金40% - 评分19.78
  3. 便携折叠收纳箱 - 佣金35% - 评分17.41
📝 生成商品详情...
  ✅ 商品1: 硅胶保鲜盖套装
  ✅ 商品2: 多功能厨房剪刀
  ✅ 商品3: 便携折叠收纳箱

✅ 自动选品完成！
📦 已选定3个高佣商品
📁 数据保存在: /home/user/.openclaw/workspace/douyin-auto/data/
⏰ 下次选品: 1小时后
========================================
🚀 [2026-02-14 21:00:19] 开始自动上架...
========================================
🚀 抖店自动上架系统
========================================

📤 正在自动上架商品到抖店...
📝 准备上架3个商品
Traceback (most recent call last):
  File "<stdin>", line 17, in <module>
FileNotFoundError: [Errno 2] No such file or directory: '/home/user/.openclaw/workspace/douyin-auto/data/product_20260214_21_{i}.json'
🤖 [2026-02-14 22:00:24] 开始自动选品...
========================================
🤖 抖音自动选品系统 - 全自动模式
========================================

🔍 正在抓取高佣商品...
✅ 已抓取5个高佣商品
🧠 智能筛选商品...
✅ 智能筛选完成，选定3个商品
  1. 硅胶保鲜盖套装 - 佣金45% - 评分22.25
  2. 多功能厨房剪刀 - 佣金40% - 评分19.78
  3. 便携折叠收纳箱 - 佣金35% - 评分17.41
📝 生成商品详情...
  ✅ 商品1: 硅胶保鲜盖套装
  ✅ 商品2: 多功能厨房剪刀
  ✅ 商品3: 便携折叠收纳箱

✅ 自动选品完成！
📦 已选定3个高佣商品
📁 数据保存在: /home/user/.openclaw/workspace/douyin-auto/data/
⏰ 下次选品: 1小时后
========================================
🚀 [2026-02-14 22:00:24] 开始自动上架...
========================================
🚀 抖店自动上架系统
========================================

📤 正在自动上架商品到抖店...
📝 准备上架3个商品
Traceback (most recent call last):
  File "<stdin>", line 17, in <module>
FileNotFoundError: [Errno 2] No such file or directory: '/home/user/.openclaw/workspace/douyin-auto/data/product_20260214_22_{i}.json'
🤖 [2026-02-14 23:00:32] 开始自动选品...
========================================
🤖 抖音自动选品系统 - 全自动模式
========================================

🔍 正在抓取高佣商品...
✅ 已抓取5个高佣商品
🧠 智能筛选商品...
✅ 智能筛选完成，选定3个商品
  1. 硅胶保鲜盖套装 - 佣金45% - 评分22.25
  2. 多功能厨房剪刀 - 佣金40% - 评分19.78
  3. 便携折叠收纳箱 - 佣金35% - 评分17.41
📝 生成商品详情...
  ✅ 商品1: 硅胶保鲜盖套装
  ✅ 商品2: 多功能厨房剪刀
  ✅ 商品3: 便携折叠收纳箱

✅ 自动选品完成！
📦 已选定3个高佣商品
📁 数据保存在: /home/user/.openclaw/workspace/douyin-auto/data/
⏰ 下次选品: 1小时后
========================================
🚀 [2026-02-14 23:00:32] 开始自动上架...
========================================
🚀 抖店自动上架系统
========================================

📤 正在自动上架商品到抖店...
📝 准备上架3个商品
Traceback (most recent call last):
  File "<stdin>", line 17, in <module>
FileNotFoundError: [Errno 2] No such file or directory: '/home/user/.openclaw/workspace/douyin-auto/data/product_20260214_23_{i}.json'
🤖 [2026-02-15 00:01:21] 开始自动选品...
========================================
🤖 抖音自动选品系统 - 全自动模式
========================================

🔍 正在抓取高佣商品...
✅ 已抓取5个高佣商品
🧠 智能筛选商品...
✅ 智能筛选完成，选定3个商品
  1. 硅胶保鲜盖套装 - 佣金45% - 评分22.25
  2. 多功能厨房剪刀 - 佣金40% - 评分19.78
  3. 便携折叠收纳箱 - 佣金35% - 评分17.41
📝 生成商品详情...
  ✅ 商品1: 硅胶保鲜盖套装
  ✅ 商品2: 多功能厨房剪刀
  ✅ 商品3: 便携折叠收纳箱

✅ 自动选品完成！
📦 已选定3个高佣商品
📁 数据保存在: /home/user/.openclaw/workspace/douyin-auto/data/
⏰ 下次选品: 1小时后
========================================
🚀 [2026-02-15 00:01:22] 开始自动上架...
========================================
🚀 抖店自动上架系统
========================================

📤 正在自动上架商品到抖店...
📝 准备上架3个商品
Traceback (most recent call last):
  File "<stdin>", line 17, in <module>
FileNotFoundError: [Errno 2] No such file or directory: '/home/user/.openclaw/workspace/douyin-auto/data/product_20260215_00_{i}.json'
🤖 [2026-02-15 01:01:16] 开始自动选品...
========================================
🤖 抖音自动选品系统 - 全自动模式
========================================

🔍 正在抓取高佣商品...
✅ 已抓取5个高佣商品
🧠 智能筛选商品...
✅ 智能筛选完成，选定3个商品
  1. 硅胶保鲜盖套装 - 佣金45% - 评分22.25
  2. 多功能厨房剪刀 - 佣金40% - 评分19.78
  3. 便携折叠收纳箱 - 佣金35% - 评分17.41
📝 生成商品详情...
  ✅ 商品1: 硅胶保鲜盖套装
  ✅ 商品2: 多功能厨房剪刀
  ✅ 商品3: 便携折叠收纳箱

✅ 自动选品完成！
📦 已选定3个高佣商品
📁 数据保存在: /home/user/.openclaw/workspace/douyin-auto/data/
⏰ 下次选品: 1小时后
========================================
🚀 [2026-02-15 01:01:16] 开始自动上架...
========================================
🚀 抖店自动上架系统
========================================

📤 正在自动上架商品到抖店...
📝 准备上架3个商品
Traceback (most recent call last):
  File "<stdin>", line 17, in <module>
FileNotFoundError: [Errno 2] No such file or directory: '/home/user/.openclaw/workspace/douyin-auto/data/product_20260215_01_{i}.json'
🤖 [2026-02-15 02:00:20] 开始自动选品...
========================================
🤖 抖音自动选品系统 - 全自动模式
========================================

🔍 正在抓取高佣商品...
✅ 已抓取5个高佣商品
🧠 智能筛选商品...
✅ 智能筛选完成，选定3个商品
  1. 硅胶保鲜盖套装 - 佣金45% - 评分22.25
  2. 多功能厨房剪刀 - 佣金40% - 评分19.78
  3. 便携折叠收纳箱 - 佣金35% - 评分17.41
📝 生成商品详情...
  ✅ 商品1: 硅胶保鲜盖套装
  ✅ 商品2: 多功能厨房剪刀
  ✅ 商品3: 便携折叠收纳箱

✅ 自动选品完成！
📦 已选定3个高佣商品
📁 数据保存在: /home/user/.openclaw/workspace/douyin-auto/data/
⏰ 下次选品: 1小时后
========================================
🚀 [2026-02-15 02:00:20] 开始自动上架...
========================================
🚀 抖店自动上架系统
========================================

📤 正在自动上架商品到抖店...
📝 准备上架3个商品
Traceback (most recent call last):
  File "<stdin>", line 17, in <module>
FileNotFoundError: [Errno 2] No such file or directory: '/home/user/.openclaw/workspace/douyin-auto/data/product_20260215_02_{i}.json'
🤖 [2026-02-15 03:00:30] 开始自动选品...
========================================
🤖 抖音自动选品系统 - 全自动模式
========================================

🔍 正在抓取高佣商品...
✅ 已抓取5个高佣商品
🧠 智能筛选商品...
✅ 智能筛选完成，选定3个商品
  1. 硅胶保鲜盖套装 - 佣金45% - 评分22.25
  2. 多功能厨房剪刀 - 佣金40% - 评分19.78
  3. 便携折叠收纳箱 - 佣金35% - 评分17.41
📝 生成商品详情...
  ✅ 商品1: 硅胶保鲜盖套装
  ✅ 商品2: 多功能厨房剪刀
  ✅ 商品3: 便携折叠收纳箱

✅ 自动选品完成！
📦 已选定3个高佣商品
📁 数据保存在: /home/user/.openclaw/workspace/douyin-auto/data/
⏰ 下次选品: 1小时后
========================================
🚀 [2026-02-15 03:00:30] 开始自动上架...
========================================
🚀 抖店自动上架系统
========================================

📤 正在自动上架商品到抖店...
📝 准备上架3个商品
Traceback (most recent call last):
  File "<stdin>", line 17, in <module>
FileNotFoundError: [Errno 2] No such file or directory: '/home/user/.openclaw/workspace/douyin-auto/data/product_20260215_03_{i}.json'
🤖 [2026-02-16 00:00:21] 开始自动选品...
========================================
🤖 抖音自动选品系统 - 全自动模式
========================================

🔍 正在抓取高佣商品...
✅ 已抓取5个高佣商品
🧠 智能筛选商品...
✅ 智能筛选完成，选定3个商品
  1. 硅胶保鲜盖套装 - 佣金45% - 评分22.25
  2. 多功能厨房剪刀 - 佣金40% - 评分19.78
  3. 便携折叠收纳箱 - 佣金35% - 评分17.41
📝 生成商品详情...
  ✅ 商品1: 硅胶保鲜盖套装
  ✅ 商品2: 多功能厨房剪刀
  ✅ 商品3: 便携折叠收纳箱

✅ 自动选品完成！
📦 已选定3个高佣商品
📁 数据保存在: /home/user/.openclaw/workspace/douyin-auto/data/
⏰ 下次选品: 1小时后
========================================
🚀 [2026-02-16 00:00:21] 开始自动上架...
========================================
🚀 抖店自动上架系统
========================================

📤 正在自动上架商品到抖店...
📝 准备上架3个商品
Traceback (most recent call last):
  File "<stdin>", line 17, in <module>
FileNotFoundError: [Errno 2] No such file or directory: '/home/user/.openclaw/workspace/douyin-auto/data/product_20260216_00_{i}.json'
🤖 [2026-02-16 00:01:57] 开始自动选品...
========================================
🤖 抖音自动选品系统 - 全自动模式
========================================

🔍 正在抓取高佣商品...
✅ 已抓取5个高佣商品
🧠 智能筛选商品...
✅ 智能筛选完成，选定3个商品
  1. 硅胶保鲜盖套装 - 佣金45% - 评分22.25
  2. 多功能厨房剪刀 - 佣金40% - 评分19.78
  3. 便携折叠收纳箱 - 佣金35% - 评分17.41
📝 生成商品详情...
  ✅ 商品1: 硅胶保鲜盖套装
  ✅ 商品2: 多功能厨房剪刀
  ✅ 商品3: 便携折叠收纳箱

✅ 自动选品完成！
📦 已选定3个高佣商品
📁 数据保存在: /home/user/.openclaw/workspace/douyin-auto/data/
⏰ 下次选品: 1小时后
========================================
🚀 [2026-02-16 00:01:57] 开始自动上架...
========================================
🚀 抖店自动上架系统
========================================

📤 正在自动上架商品到抖店...
📝 准备上架3个商品
Traceback (most recent call last):
  File "<stdin>", line 17, in <module>
FileNotFoundError: [Errno 2] No such file or directory: '/home/user/.openclaw/workspace/douyin-auto/data/product_20260216_00_{i}.json'
🤖 [2026-02-16 06:00:17] 开始自动选品...
========================================
🤖 抖音自动选品系统 - 全自动模式
========================================

🔍 正在抓取高佣商品...
✅ 已抓取5个高佣商品
🧠 智能筛选商品...
✅ 智能筛选完成，选定3个商品
  1. 硅胶保鲜盖套装 - 佣金45% - 评分22.25
  2. 多功能厨房剪刀 - 佣金40% - 评分19.78
  3. 便携折叠收纳箱 - 佣金35% - 评分17.41
📝 生成商品详情...
  ✅ 商品1: 硅胶保鲜盖套装
  ✅ 商品2: 多功能厨房剪刀
  ✅ 商品3: 便携折叠收纳箱

✅ 自动选品完成！
📦 已选定3个高佣商品
📁 数据保存在: /home/user/.openclaw/workspace/douyin-auto/data/
⏰ 下次选品: 1小时后
========================================
🚀 [2026-02-16 06:00:18] 开始自动上架...
========================================
🚀 抖店自动上架系统
========================================

📤 正在自动上架商品到抖店...
📝 准备上架3个商品
Traceback (most recent call last):
  File "<stdin>", line 17, in <module>
FileNotFoundError: [Errno 2] No such file or directory: '/home/user/.openclaw/workspace/douyin-auto/data/product_20260216_06_{i}.json'
🤖 [2026-02-16 12:00:42] 开始自动选品...
========================================
🤖 抖音自动选品系统 - 全自动模式
========================================

🔍 正在抓取高佣商品...
✅ 已抓取5个高佣商品
🧠 智能筛选商品...
✅ 智能筛选完成，选定3个商品
  1. 硅胶保鲜盖套装 - 佣金45% - 评分22.25
  2. 多功能厨房剪刀 - 佣金40% - 评分19.78
  3. 便携折叠收纳箱 - 佣金35% - 评分17.41
📝 生成商品详情...
  ✅ 商品1: 硅胶保鲜盖套装
  ✅ 商品2: 多功能厨房剪刀
  ✅ 商品3: 便携折叠收纳箱

✅ 自动选品完成！
📦 已选定3个高佣商品
📁 数据保存在: /home/user/.openclaw/workspace/douyin-auto/data/
⏰ 下次选品: 1小时后
========================================
🚀 [2026-02-16 12:00:42] 开始自动上架...
========================================
🚀 抖店自动上架系统
========================================

📤 正在自动上架商品到抖店...
📝 准备上架3个商品
Traceback (most recent call last):
  File "<stdin>", line 17, in <module>
FileNotFoundError: [Errno 2] No such file or directory: '/home/user/.openclaw/workspace/douyin-auto/data/product_20260216_12_{i}.json'
🤖 [2026-02-16 18:00:49] 开始自动选品...
========================================
🤖 抖音自动选品系统 - 全自动模式
========================================

🔍 正在抓取高佣商品...
✅ 已抓取5个高佣商品
🧠 智能筛选商品...
✅ 智能筛选完成，选定3个商品
  1. 硅胶保鲜盖套装 - 佣金45% - 评分22.25
  2. 多功能厨房剪刀 - 佣金40% - 评分19.78
  3. 便携折叠收纳箱 - 佣金35% - 评分17.41
📝 生成商品详情...
  ✅ 商品1: 硅胶保鲜盖套装
  ✅ 商品2: 多功能厨房剪刀
  ✅ 商品3: 便携折叠收纳箱

✅ 自动选品完成！
📦 已选定3个高佣商品
📁 数据保存在: /home/user/.openclaw/workspace/douyin-auto/data/
⏰ 下次选品: 1小时后
========================================
🚀 [2026-02-16 18:00:49] 开始自动上架...
========================================
🚀 抖店自动上架系统
========================================

📤 正在自动上架商品到抖店...
📝 准备上架3个商品
Traceback (most recent call last):
  File "<stdin>", line 17, in <module>
FileNotFoundError: [Errno 2] No such file or directory: '/home/user/.openclaw/workspace/douyin-auto/data/product_20260216_18_{i}.json'
🤖 [2026-02-17 00:01:35] 开始自动选品...
========================================
🤖 抖音自动选品系统 - 全自动模式
========================================

🔍 正在抓取高佣商品...
✅ 已抓取5个高佣商品
🧠 智能筛选商品...
✅ 智能筛选完成，选定3个商品
  1. 硅胶保鲜盖套装 - 佣金45% - 评分22.25
  2. 多功能厨房剪刀 - 佣金40% - 评分19.78
  3. 便携折叠收纳箱 - 佣金35% - 评分17.41
📝 生成商品详情...
  ✅ 商品1: 硅胶保鲜盖套装
  ✅ 商品2: 多功能厨房剪刀
  ✅ 商品3: 便携折叠收纳箱

✅ 自动选品完成！
📦 已选定3个高佣商品
📁 数据保存在: /home/user/.openclaw/workspace/douyin-auto/data/
⏰ 下次选品: 1小时后
========================================
🚀 [2026-02-17 00:01:35] 开始自动上架...
========================================
🚀 抖店自动上架系统
========================================

📤 正在自动上架商品到抖店...
📝 准备上架3个商品
Traceback (most recent call last):
  File "<stdin>", line 17, in <module>
FileNotFoundError: [Errno 2] No such file or directory: '/home/user/.openclaw/workspace/douyin-auto/data/product_20260217_00_{i}.json'
🤖 [2026-02-17 06:00:25] 开始自动选品...
========================================
🤖 抖音自动选品系统 - 全自动模式
========================================

🔍 正在抓取高佣商品...
✅ 已抓取5个高佣商品
🧠 智能筛选商品...
✅ 智能筛选完成，选定3个商品
  1. 硅胶保鲜盖套装 - 佣金45% - 评分22.25
  2. 多功能厨房剪刀 - 佣金40% - 评分19.78
  3. 便携折叠收纳箱 - 佣金35% - 评分17.41
📝 生成商品详情...
  ✅ 商品1: 硅胶保鲜盖套装
  ✅ 商品2: 多功能厨房剪刀
  ✅ 商品3: 便携折叠收纳箱

✅ 自动选品完成！
📦 已选定3个高佣商品
📁 数据保存在: /home/user/.openclaw/workspace/douyin-auto/data/
⏰ 下次选品: 1小时后
========================================
🚀 [2026-02-17 06:00:25] 开始自动上架...
========================================
🚀 抖店自动上架系统
========================================

📤 正在自动上架商品到抖店...
📝 准备上架3个商品
Traceback (most recent call last):
  File "<stdin>", line 17, in <module>
FileNotFoundError: [Errno 2] No such file or directory: '/home/user/.openclaw/workspace/douyin-auto/data/product_20260217_06_{i}.json'
🤖 [2026-02-17 12:01:22] 开始自动选品...
========================================
🤖 抖音自动选品系统 - 全自动模式
========================================

🔍 正在抓取高佣商品...
✅ 已抓取5个高佣商品
🧠 智能筛选商品...
✅ 智能筛选完成，选定3个商品
  1. 硅胶保鲜盖套装 - 佣金45% - 评分22.25
  2. 多功能厨房剪刀 - 佣金40% - 评分19.78
  3. 便携折叠收纳箱 - 佣金35% - 评分17.41
📝 生成商品详情...
  ✅ 商品1: 硅胶保鲜盖套装
  ✅ 商品2: 多功能厨房剪刀
  ✅ 商品3: 便携折叠收纳箱

✅ 自动选品完成！
📦 已选定3个高佣商品
📁 数据保存在: /home/user/.openclaw/workspace/douyin-auto/data/
⏰ 下次选品: 1小时后
========================================
🚀 [2026-02-17 12:01:22] 开始自动上架...
========================================
🚀 抖店自动上架系统
========================================

📤 正在自动上架商品到抖店...
📝 准备上架3个商品
Traceback (most recent call last):
  File "<stdin>", line 17, in <module>
FileNotFoundError: [Errno 2] No such file or directory: '/home/user/.openclaw/workspace/douyin-auto/data/product_20260217_12_{i}.json'
🤖 [2026-02-17 18:00:43] 开始自动选品...
========================================
🤖 抖音自动选品系统 - 全自动模式
========================================

🔍 正在抓取高佣商品...
✅ 已抓取5个高佣商品
🧠 智能筛选商品...
✅ 智能筛选完成，选定3个商品
  1. 硅胶保鲜盖套装 - 佣金45% - 评分22.25
  2. 多功能厨房剪刀 - 佣金40% - 评分19.78
  3. 便携折叠收纳箱 - 佣金35% - 评分17.41
📝 生成商品详情...
  ✅ 商品1: 硅胶保鲜盖套装
  ✅ 商品2: 多功能厨房剪刀
  ✅ 商品3: 便携折叠收纳箱

✅ 自动选品完成！
📦 已选定3个高佣商品
📁 数据保存在: /home/user/.openclaw/workspace/douyin-auto/data/
⏰ 下次选品: 1小时后
========================================
🚀 [2026-02-17 18:00:43] 开始自动上架...
========================================
🚀 抖店自动上架系统
========================================

📤 正在自动上架商品到抖店...
📝 准备上架3个商品
Traceback (most recent call last):
  File "<stdin>", line 17, in <module>
FileNotFoundError: [Errno 2] No such file or directory: '/home/user/.openclaw/workspace/douyin-auto/data/product_20260217_18_{i}.json'
🤖 [2026-02-18 00:01:33] 开始自动选品...
========================================
🤖 抖音自动选品系统 - 全自动模式
========================================

🔍 正在抓取高佣商品...
✅ 已抓取5个高佣商品
🧠 智能筛选商品...
✅ 智能筛选完成，选定3个商品
  1. 硅胶保鲜盖套装 - 佣金45% - 评分22.25
  2. 多功能厨房剪刀 - 佣金40% - 评分19.78
  3. 便携折叠收纳箱 - 佣金35% - 评分17.41
📝 生成商品详情...
  ✅ 商品1: 硅胶保鲜盖套装
  ✅ 商品2: 多功能厨房剪刀
  ✅ 商品3: 便携折叠收纳箱

✅ 自动选品完成！
📦 已选定3个高佣商品
📁 数据保存在: /home/user/.openclaw/workspace/douyin-auto/data/
⏰ 下次选品: 1小时后
========================================
🚀 [2026-02-18 00:01:33] 开始自动上架...
========================================
🚀 抖店自动上架系统
========================================

📤 正在自动上架商品到抖店...
📝 准备上架3个商品
Traceback (most recent call last):
  File "<stdin>", line 17, in <module>
FileNotFoundError: [Errno 2] No such file or directory: '/home/user/.openclaw/workspace/douyin-auto/data/product_20260218_00_{i}.json'
🤖 [2026-02-18 06:00:28] 开始自动选品...
========================================
🤖 抖音自动选品系统 - 全自动模式
========================================

🔍 正在抓取高佣商品...
✅ 已抓取5个高佣商品
🧠 智能筛选商品...
✅ 智能筛选完成，选定3个商品
  1. 硅胶保鲜盖套装 - 佣金45% - 评分22.25
  2. 多功能厨房剪刀 - 佣金40% - 评分19.78
  3. 便携折叠收纳箱 - 佣金35% - 评分17.41
📝 生成商品详情...
  ✅ 商品1: 硅胶保鲜盖套装
  ✅ 商品2: 多功能厨房剪刀
  ✅ 商品3: 便携折叠收纳箱

✅ 自动选品完成！
📦 已选定3个高佣商品
📁 数据保存在: /home/user/.openclaw/workspace/douyin-auto/data/
⏰ 下次选品: 1小时后
========================================
🚀 [2026-02-18 06:00:28] 开始自动上架...
========================================
🚀 抖店自动上架系统
========================================

📤 正在自动上架商品到抖店...
📝 准备上架3个商品
Traceback (most recent call last):
  File "<stdin>", line 17, in <module>
FileNotFoundError: [Errno 2] No such file or directory: '/home/user/.openclaw/workspace/douyin-auto/data/product_20260218_06_{i}.json'
🤖 [2026-02-18 12:00:51] 开始自动选品...
========================================
🤖 抖音自动选品系统 - 全自动模式
========================================

🔍 正在抓取高佣商品...
✅ 已抓取5个高佣商品
🧠 智能筛选商品...
✅ 智能筛选完成，选定3个商品
  1. 硅胶保鲜盖套装 - 佣金45% - 评分22.25
  2. 多功能厨房剪刀 - 佣金40% - 评分19.78
  3. 便携折叠收纳箱 - 佣金35% - 评分17.41
📝 生成商品详情...
  ✅ 商品1: 硅胶保鲜盖套装
  ✅ 商品2: 多功能厨房剪刀
  ✅ 商品3: 便携折叠收纳箱

✅ 自动选品完成！
📦 已选定3个高佣商品
📁 数据保存在: /home/user/.openclaw/workspace/douyin-auto/data/
⏰ 下次选品: 1小时后
========================================
🚀 [2026-02-18 12:00:51] 开始自动上架...
========================================
🚀 抖店自动上架系统
========================================

📤 正在自动上架商品到抖店...
📝 准备上架3个商品
Traceback (most recent call last):
  File "<stdin>", line 17, in <module>
FileNotFoundError: [Errno 2] No such file or directory: '/home/user/.openclaw/workspace/douyin-auto/data/product_20260218_12_{i}.json'
🤖 [2026-02-18 18:01:09] 开始自动选品...
========================================
🤖 抖音自动选品系统 - 全自动模式
========================================

🔍 正在抓取高佣商品...
✅ 已抓取5个高佣商品
🧠 智能筛选商品...
✅ 智能筛选完成，选定3个商品
  1. 硅胶保鲜盖套装 - 佣金45% - 评分22.25
  2. 多功能厨房剪刀 - 佣金40% - 评分19.78
  3. 便携折叠收纳箱 - 佣金35% - 评分17.41
📝 生成商品详情...
  ✅ 商品1: 硅胶保鲜盖套装
  ✅ 商品2: 多功能厨房剪刀
  ✅ 商品3: 便携折叠收纳箱

✅ 自动选品完成！
📦 已选定3个高佣商品
📁 数据保存在: /home/user/.openclaw/workspace/douyin-auto/data/
⏰ 下次选品: 1小时后
========================================
🚀 [2026-02-18 18:01:09] 开始自动上架...
========================================
🚀 抖店自动上架系统
========================================

📤 正在自动上架商品到抖店...
📝 准备上架3个商品
Traceback (most recent call last):
  File "<stdin>", line 17, in <module>
FileNotFoundError: [Errno 2] No such file or directory: '/home/user/.openclaw/workspace/douyin-auto/data/product_20260218_18_{i}.json'
🤖 [2026-02-19 00:01:26] 开始自动选品...
========================================
🤖 抖音自动选品系统 - 全自动模式
========================================

🔍 正在抓取高佣商品...
✅ 已抓取5个高佣商品
🧠 智能筛选商品...
✅ 智能筛选完成，选定3个商品
  1. 硅胶保鲜盖套装 - 佣金45% - 评分22.25
  2. 多功能厨房剪刀 - 佣金40% - 评分19.78
  3. 便携折叠收纳箱 - 佣金35% - 评分17.41
📝 生成商品详情...
  ✅ 商品1: 硅胶保鲜盖套装
  ✅ 商品2: 多功能厨房剪刀
  ✅ 商品3: 便携折叠收纳箱

✅ 自动选品完成！
📦 已选定3个高佣商品
📁 数据保存在: /home/user/.openclaw/workspace/douyin-auto/data/
⏰ 下次选品: 1小时后
========================================
🚀 [2026-02-19 00:01:26] 开始自动上架...
========================================
🚀 抖店自动上架系统
========================================

📤 正在自动上架商品到抖店...
📝 准备上架3个商品
Traceback (most recent call last):
  File "<stdin>", line 17, in <module>
FileNotFoundError: [Errno 2] No such file or directory: '/home/user/.openclaw/workspace/douyin-auto/data/product_20260219_00_{i}.json'
🤖 [2026-02-19 06:00:58] 开始自动选品...
========================================
🤖 抖音自动选品系统 - 全自动模式
========================================

🔍 正在抓取高佣商品...
✅ 已抓取5个高佣商品
🧠 智能筛选商品...
✅ 智能筛选完成，选定3个商品
  1. 硅胶保鲜盖套装 - 佣金45% - 评分22.25
  2. 多功能厨房剪刀 - 佣金40% - 评分19.78
  3. 便携折叠收纳箱 - 佣金35% - 评分17.41
📝 生成商品详情...
  ✅ 商品1: 硅胶保鲜盖套装
  ✅ 商品2: 多功能厨房剪刀
  ✅ 商品3: 便携折叠收纳箱

✅ 自动选品完成！
📦 已选定3个高佣商品
📁 数据保存在: /home/user/.openclaw/workspace/douyin-auto/data/
⏰ 下次选品: 1小时后
========================================
🚀 [2026-02-19 06:00:58] 开始自动上架...
========================================
🚀 抖店自动上架系统
========================================

📤 正在自动上架商品到抖店...
📝 准备上架3个商品
Traceback (most recent call last):
  File "<stdin>", line 17, in <module>
FileNotFoundError: [Errno 2] No such file or directory: '/home/user/.openclaw/workspace/douyin-auto/data/product_20260219_06_{i}.json'
🤖 [2026-02-19 12:03:44] 开始自动选品...
========================================
🤖 抖音自动选品系统 - 全自动模式
========================================

🔍 正在抓取高佣商品...
✅ 已抓取5个高佣商品
🧠 智能筛选商品...
✅ 智能筛选完成，选定3个商品
  1. 硅胶保鲜盖套装 - 佣金45% - 评分22.25
  2. 多功能厨房剪刀 - 佣金40% - 评分19.78
  3. 便携折叠收纳箱 - 佣金35% - 评分17.41
📝 生成商品详情...
  ✅ 商品1: 硅胶保鲜盖套装
  ✅ 商品2: 多功能厨房剪刀
  ✅ 商品3: 便携折叠收纳箱

✅ 自动选品完成！
📦 已选定3个高佣商品
📁 数据保存在: /home/user/.openclaw/workspace/douyin-auto/data/
⏰ 下次选品: 1小时后
========================================
🚀 [2026-02-19 12:03:44] 开始自动上架...
========================================
🚀 抖店自动上架系统
========================================

📤 正在自动上架商品到抖店...
📝 准备上架3个商品
Traceback (most recent call last):
  File "<stdin>", line 17, in <module>
FileNotFoundError: [Errno 2] No such file or directory: '/home/user/.openclaw/workspace/douyin-auto/data/product_20260219_12_{i}.json'
🤖 [2026-02-19 18:01:23] 开始自动选品...
========================================
🤖 抖音自动选品系统 - 全自动模式
========================================

🔍 正在抓取高佣商品...
✅ 已抓取5个高佣商品
🧠 智能筛选商品...
✅ 智能筛选完成，选定3个商品
  1. 硅胶保鲜盖套装 - 佣金45% - 评分22.25
  2. 多功能厨房剪刀 - 佣金40% - 评分19.78
  3. 便携折叠收纳箱 - 佣金35% - 评分17.41
📝 生成商品详情...
  ✅ 商品1: 硅胶保鲜盖套装
  ✅ 商品2: 多功能厨房剪刀
  ✅ 商品3: 便携折叠收纳箱

✅ 自动选品完成！
📦 已选定3个高佣商品
📁 数据保存在: /home/user/.openclaw/workspace/douyin-auto/data/
⏰ 下次选品: 1小时后
========================================
🚀 [2026-02-19 18:01:23] 开始自动上架...
========================================
🚀 抖店自动上架系统
========================================

📤 正在自动上架商品到抖店...
📝 准备上架3个商品
Traceback (most recent call last):
  File "<stdin>", line 17, in <module>
FileNotFoundError: [Errno 2] No such file or directory: '/home/user/.openclaw/workspace/douyin-auto/data/product_20260219_18_{i}.json'
🤖 [2026-02-20 00:03:02] 开始自动选品...
========================================
🤖 抖音自动选品系统 - 全自动模式
========================================

🔍 正在抓取高佣商品...
✅ 已抓取5个高佣商品
🧠 智能筛选商品...
✅ 智能筛选完成，选定3个商品
  1. 硅胶保鲜盖套装 - 佣金45% - 评分22.25
  2. 多功能厨房剪刀 - 佣金40% - 评分19.78
  3. 便携折叠收纳箱 - 佣金35% - 评分17.41
📝 生成商品详情...
  ✅ 商品1: 硅胶保鲜盖套装
  ✅ 商品2: 多功能厨房剪刀
  ✅ 商品3: 便携折叠收纳箱

✅ 自动选品完成！
📦 已选定3个高佣商品
📁 数据保存在: /home/user/.openclaw/workspace/douyin-auto/data/
⏰ 下次选品: 1小时后
========================================
🚀 [2026-02-20 00:03:02] 开始自动上架...
========================================
🚀 抖店自动上架系统
========================================

📤 正在自动上架商品到抖店...
📝 准备上架3个商品
Traceback (most recent call last):
  File "<stdin>", line 17, in <module>
FileNotFoundError: [Errno 2] No such file or directory: '/home/user/.openclaw/workspace/douyin-auto/data/product_20260220_00_{i}.json'
🤖 [2026-02-20 06:01:24] 开始自动选品...
========================================
🤖 抖音自动选品系统 - 全自动模式
========================================

🔍 正在抓取高佣商品...
✅ 已抓取5个高佣商品
🧠 智能筛选商品...
✅ 智能筛选完成，选定3个商品
  1. 硅胶保鲜盖套装 - 佣金45% - 评分22.25
  2. 多功能厨房剪刀 - 佣金40% - 评分19.78
  3. 便携折叠收纳箱 - 佣金35% - 评分17.41
📝 生成商品详情...
  ✅ 商品1: 硅胶保鲜盖套装
  ✅ 商品2: 多功能厨房剪刀
  ✅ 商品3: 便携折叠收纳箱

✅ 自动选品完成！
📦 已选定3个高佣商品
📁 数据保存在: /home/user/.openclaw/workspace/douyin-auto/data/
⏰ 下次选品: 1小时后
========================================
🚀 [2026-02-20 06:01:24] 开始自动上架...
========================================
🚀 抖店自动上架系统
========================================

📤 正在自动上架商品到抖店...
📝 准备上架3个商品
Traceback (most recent call last):
  File "<stdin>", line 17, in <module>
FileNotFoundError: [Errno 2] No such file or directory: '/home/user/.openclaw/workspace/douyin-auto/data/product_20260220_06_{i}.json'
🤖 [2026-02-20 12:01:50] 开始自动选品...
========================================
🤖 抖音自动选品系统 - 全自动模式
========================================

🔍 正在抓取高佣商品...
✅ 已抓取5个高佣商品
🧠 智能筛选商品...
✅ 智能筛选完成，选定3个商品
  1. 硅胶保鲜盖套装 - 佣金45% - 评分22.25
  2. 多功能厨房剪刀 - 佣金40% - 评分19.78
  3. 便携折叠收纳箱 - 佣金35% - 评分17.41
📝 生成商品详情...
  ✅ 商品1: 硅胶保鲜盖套装
  ✅ 商品2: 多功能厨房剪刀
  ✅ 商品3: 便携折叠收纳箱

✅ 自动选品完成！
📦 已选定3个高佣商品
📁 数据保存在: /home/user/.openclaw/workspace/douyin-auto/data/
⏰ 下次选品: 1小时后
========================================
🚀 [2026-02-20 12:01:50] 开始自动上架...
========================================
🚀 抖店自动上架系统
========================================

📤 正在自动上架商品到抖店...
📝 准备上架3个商品
Traceback (most recent call last):
  File "<stdin>", line 17, in <module>
FileNotFoundError: [Errno 2] No such file or directory: '/home/user/.openclaw/workspace/douyin-auto/data/product_20260220_12_{i}.json'
🤖 [2026-02-20 18:01:52] 开始自动选品...
========================================
🤖 抖音自动选品系统 - 全自动模式
========================================

🔍 正在抓取高佣商品...
✅ 已抓取5个高佣商品
🧠 智能筛选商品...
✅ 智能筛选完成，选定3个商品
  1. 硅胶保鲜盖套装 - 佣金45% - 评分22.25
  2. 多功能厨房剪刀 - 佣金40% - 评分19.78
  3. 便携折叠收纳箱 - 佣金35% - 评分17.41
📝 生成商品详情...
  ✅ 商品1: 硅胶保鲜盖套装
  ✅ 商品2: 多功能厨房剪刀
  ✅ 商品3: 便携折叠收纳箱

✅ 自动选品完成！
📦 已选定3个高佣商品
📁 数据保存在: /home/user/.openclaw/workspace/douyin-auto/data/
⏰ 下次选品: 1小时后
========================================
🚀 [2026-02-20 18:01:52] 开始自动上架...
========================================
🚀 抖店自动上架系统
========================================

📤 正在自动上架商品到抖店...
📝 准备上架3个商品
Traceback (most recent call last):
  File "<stdin>", line 17, in <module>
FileNotFoundError: [Errno 2] No such file or directory: '/home/user/.openclaw/workspace/douyin-auto/data/product_20260220_18_{i}.json'
🤖 [2026-02-21 00:02:17] 开始自动选品...
========================================
🤖 抖音自动选品系统 - 全自动模式
========================================

🔍 正在抓取高佣商品...
✅ 已抓取5个高佣商品
🧠 智能筛选商品...
✅ 智能筛选完成，选定3个商品
  1. 硅胶保鲜盖套装 - 佣金45% - 评分22.25
  2. 多功能厨房剪刀 - 佣金40% - 评分19.78
  3. 便携折叠收纳箱 - 佣金35% - 评分17.41
📝 生成商品详情...
  ✅ 商品1: 硅胶保鲜盖套装
  ✅ 商品2: 多功能厨房剪刀
  ✅ 商品3: 便携折叠收纳箱

✅ 自动选品完成！
📦 已选定3个高佣商品
📁 数据保存在: /home/user/.openclaw/workspace/douyin-auto/data/
⏰ 下次选品: 1小时后
========================================
🚀 [2026-02-21 00:02:17] 开始自动上架...
========================================
🚀 抖店自动上架系统
========================================

📤 正在自动上架商品到抖店...
📝 准备上架3个商品
Traceback (most recent call last):
  File "<stdin>", line 17, in <module>
FileNotFoundError: [Errno 2] No such file or directory: '/home/user/.openclaw/workspace/douyin-auto/data/product_20260221_00_{i}.json'
🤖 [2026-02-21 06:01:52] 开始自动选品...
========================================
🤖 抖音自动选品系统 - 全自动模式
========================================

🔍 正在抓取高佣商品...
✅ 已抓取5个高佣商品
🧠 智能筛选商品...
✅ 智能筛选完成，选定3个商品
  1. 硅胶保鲜盖套装 - 佣金45% - 评分22.25
  2. 多功能厨房剪刀 - 佣金40% - 评分19.78
  3. 便携折叠收纳箱 - 佣金35% - 评分17.41
📝 生成商品详情...
  ✅ 商品1: 硅胶保鲜盖套装
  ✅ 商品2: 多功能厨房剪刀
  ✅ 商品3: 便携折叠收纳箱

✅ 自动选品完成！
📦 已选定3个高佣商品
📁 数据保存在: /home/user/.openclaw/workspace/douyin-auto/data/
⏰ 下次选品: 1小时后
========================================
🚀 [2026-02-21 06:01:52] 开始自动上架...
========================================
🚀 抖店自动上架系统
========================================

📤 正在自动上架商品到抖店...
📝 准备上架3个商品
Traceback (most recent call last):
  File "<stdin>", line 17, in <module>
FileNotFoundError: [Errno 2] No such file or directory: '/home/user/.openclaw/workspace/douyin-auto/data/product_20260221_06_{i}.json'
🤖 [2026-02-21 12:01:44] 开始自动选品...
========================================
🤖 抖音自动选品系统 - 全自动模式
========================================

🔍 正在抓取高佣商品...
✅ 已抓取5个高佣商品
🧠 智能筛选商品...
✅ 智能筛选完成，选定3个商品
  1. 硅胶保鲜盖套装 - 佣金45% - 评分22.25
  2. 多功能厨房剪刀 - 佣金40% - 评分19.78
  3. 便携折叠收纳箱 - 佣金35% - 评分17.41
📝 生成商品详情...
  ✅ 商品1: 硅胶保鲜盖套装
  ✅ 商品2: 多功能厨房剪刀
  ✅ 商品3: 便携折叠收纳箱

✅ 自动选品完成！
📦 已选定3个高佣商品
📁 数据保存在: /home/user/.openclaw/workspace/douyin-auto/data/
⏰ 下次选品: 1小时后
========================================
🚀 [2026-02-21 12:01:44] 开始自动上架...
========================================
🚀 抖店自动上架系统
========================================

📤 正在自动上架商品到抖店...
📝 准备上架3个商品
Traceback (most recent call last):
  File "<stdin>", line 17, in <module>
FileNotFoundError: [Errno 2] No such file or directory: '/home/user/.openclaw/workspace/douyin-auto/data/product_20260221_12_{i}.json'
🤖 [2026-02-21 18:01:25] 开始自动选品...
========================================
🤖 抖音自动选品系统 - 全自动模式
========================================

🔍 正在抓取高佣商品...
✅ 已抓取5个高佣商品
🧠 智能筛选商品...
✅ 智能筛选完成，选定3个商品
  1. 硅胶保鲜盖套装 - 佣金45% - 评分22.25
  2. 多功能厨房剪刀 - 佣金40% - 评分19.78
  3. 便携折叠收纳箱 - 佣金35% - 评分17.41
📝 生成商品详情...
  ✅ 商品1: 硅胶保鲜盖套装
  ✅ 商品2: 多功能厨房剪刀
  ✅ 商品3: 便携折叠收纳箱

✅ 自动选品完成！
📦 已选定3个高佣商品
📁 数据保存在: /home/user/.openclaw/workspace/douyin-auto/data/
⏰ 下次选品: 1小时后
========================================
🚀 [2026-02-21 18:01:25] 开始自动上架...
========================================
🚀 抖店自动上架系统
========================================

📤 正在自动上架商品到抖店...
📝 准备上架3个商品
Traceback (most recent call last):
  File "<stdin>", line 17, in <module>
FileNotFoundError: [Errno 2] No such file or directory: '/home/user/.openclaw/workspace/douyin-auto/data/product_20260221_18_{i}.json'
🤖 [2026-02-22 00:03:58] 开始自动选品...
========================================
🤖 抖音自动选品系统 - 全自动模式
========================================

🔍 正在抓取高佣商品...
✅ 已抓取5个高佣商品
🧠 智能筛选商品...
✅ 智能筛选完成，选定3个商品
  1. 硅胶保鲜盖套装 - 佣金45% - 评分22.25
  2. 多功能厨房剪刀 - 佣金40% - 评分19.78
  3. 便携折叠收纳箱 - 佣金35% - 评分17.41
📝 生成商品详情...
  ✅ 商品1: 硅胶保鲜盖套装
  ✅ 商品2: 多功能厨房剪刀
  ✅ 商品3: 便携折叠收纳箱

✅ 自动选品完成！
📦 已选定3个高佣商品
📁 数据保存在: /home/user/.openclaw/workspace/douyin-auto/data/
⏰ 下次选品: 1小时后
========================================
🚀 [2026-02-22 00:03:58] 开始自动上架...
========================================
🚀 抖店自动上架系统
========================================

📤 正在自动上架商品到抖店...
📝 准备上架3个商品
Traceback (most recent call last):
  File "<stdin>", line 17, in <module>
FileNotFoundError: [Errno 2] No such file or directory: '/home/user/.openclaw/workspace/douyin-auto/data/product_20260222_00_{i}.json'
🤖 [2026-02-22 06:02:22] 开始自动选品...
========================================
🤖 抖音自动选品系统 - 全自动模式
========================================

🔍 正在抓取高佣商品...
✅ 已抓取5个高佣商品
🧠 智能筛选商品...
✅ 智能筛选完成，选定3个商品
  1. 硅胶保鲜盖套装 - 佣金45% - 评分22.25
  2. 多功能厨房剪刀 - 佣金40% - 评分19.78
  3. 便携折叠收纳箱 - 佣金35% - 评分17.41
📝 生成商品详情...
  ✅ 商品1: 硅胶保鲜盖套装
  ✅ 商品2: 多功能厨房剪刀
  ✅ 商品3: 便携折叠收纳箱

✅ 自动选品完成！
📦 已选定3个高佣商品
📁 数据保存在: /home/user/.openclaw/workspace/douyin-auto/data/
⏰ 下次选品: 1小时后
========================================
🚀 [2026-02-22 06:02:22] 开始自动上架...
========================================
🚀 抖店自动上架系统
========================================

📤 正在自动上架商品到抖店...
📝 准备上架3个商品
Traceback (most recent call last):
  File "<stdin>", line 17, in <module>
FileNotFoundError: [Errno 2] No such file or directory: '/home/user/.openclaw/workspace/douyin-auto/data/product_20260222_06_{i}.json'
🤖 [2026-02-22 12:03:26] 开始自动选品...
========================================
🤖 抖音自动选品系统 - 全自动模式
========================================

🔍 正在抓取高佣商品...
✅ 已抓取5个高佣商品
🧠 智能筛选商品...
✅ 智能筛选完成，选定3个商品
  1. 硅胶保鲜盖套装 - 佣金45% - 评分22.25
  2. 多功能厨房剪刀 - 佣金40% - 评分19.78
  3. 便携折叠收纳箱 - 佣金35% - 评分17.41
📝 生成商品详情...
  ✅ 商品1: 硅胶保鲜盖套装
  ✅ 商品2: 多功能厨房剪刀
  ✅ 商品3: 便携折叠收纳箱

✅ 自动选品完成！
📦 已选定3个高佣商品
📁 数据保存在: /home/user/.openclaw/workspace/douyin-auto/data/
⏰ 下次选品: 1小时后
========================================
🚀 [2026-02-22 12:03:26] 开始自动上架...
========================================
🚀 抖店自动上架系统
========================================

📤 正在自动上架商品到抖店...
📝 准备上架3个商品
Traceback (most recent call last):
  File "<stdin>", line 17, in <module>
FileNotFoundError: [Errno 2] No such file or directory: '/home/user/.openclaw/workspace/douyin-auto/data/product_20260222_12_{i}.json'
🤖 [2026-02-22 18:00:41] 开始自动选品...
========================================
🤖 抖音自动选品系统 - 全自动模式
========================================

🔍 正在抓取高佣商品...
✅ 已抓取5个高佣商品
🧠 智能筛选商品...
✅ 智能筛选完成，选定3个商品
  1. 硅胶保鲜盖套装 - 佣金45% - 评分22.25
  2. 多功能厨房剪刀 - 佣金40% - 评分19.78
  3. 便携折叠收纳箱 - 佣金35% - 评分17.41
📝 生成商品详情...
  ✅ 商品1: 硅胶保鲜盖套装
  ✅ 商品2: 多功能厨房剪刀
  ✅ 商品3: 便携折叠收纳箱

✅ 自动选品完成！
📦 已选定3个高佣商品
📁 数据保存在: /home/user/.openclaw/workspace/douyin-auto/data/
⏰ 下次选品: 1小时后
========================================
🚀 [2026-02-22 18:00:41] 开始自动上架...
========================================
🚀 抖店自动上架系统
========================================

📤 正在自动上架商品到抖店...
📝 准备上架3个商品
Traceback (most recent call last):
  File "<stdin>", line 17, in <module>
FileNotFoundError: [Errno 2] No such file or directory: '/home/user/.openclaw/workspace/douyin-auto/data/product_20260222_18_{i}.json'
🤖 [2026-02-23 00:03:03] 开始自动选品...
========================================
🤖 抖音自动选品系统 - 全自动模式
========================================

🔍 正在抓取高佣商品...
✅ 已抓取5个高佣商品
🧠 智能筛选商品...
✅ 智能筛选完成，选定3个商品
  1. 硅胶保鲜盖套装 - 佣金45% - 评分22.25
  2. 多功能厨房剪刀 - 佣金40% - 评分19.78
  3. 便携折叠收纳箱 - 佣金35% - 评分17.41
📝 生成商品详情...
  ✅ 商品1: 硅胶保鲜盖套装
  ✅ 商品2: 多功能厨房剪刀
  ✅ 商品3: 便携折叠收纳箱

✅ 自动选品完成！
📦 已选定3个高佣商品
📁 数据保存在: /home/user/.openclaw/workspace/douyin-auto/data/
⏰ 下次选品: 1小时后
========================================
🚀 [2026-02-23 00:03:03] 开始自动上架...
========================================
🚀 抖店自动上架系统
========================================

📤 正在自动上架商品到抖店...
📝 准备上架3个商品
Traceback (most recent call last):
  File "<stdin>", line 17, in <module>
FileNotFoundError: [Errno 2] No such file or directory: '/home/user/.openclaw/workspace/douyin-auto/data/product_20260223_00_{i}.json'
🤖 [2026-02-23 06:02:59] 开始自动选品...
========================================
🤖 抖音自动选品系统 - 全自动模式
========================================

🔍 正在抓取高佣商品...
✅ 已抓取5个高佣商品
🧠 智能筛选商品...
✅ 智能筛选完成，选定3个商品
  1. 硅胶保鲜盖套装 - 佣金45% - 评分22.25
  2. 多功能厨房剪刀 - 佣金40% - 评分19.78
  3. 便携折叠收纳箱 - 佣金35% - 评分17.41
📝 生成商品详情...
  ✅ 商品1: 硅胶保鲜盖套装
  ✅ 商品2: 多功能厨房剪刀
  ✅ 商品3: 便携折叠收纳箱

✅ 自动选品完成！
📦 已选定3个高佣商品
📁 数据保存在: /home/user/.openclaw/workspace/douyin-auto/data/
⏰ 下次选品: 1小时后
========================================
🚀 [2026-02-23 06:02:59] 开始自动上架...
========================================
🚀 抖店自动上架系统
========================================

📤 正在自动上架商品到抖店...
📝 准备上架3个商品
Traceback (most recent call last):
  File "<stdin>", line 17, in <module>
FileNotFoundError: [Errno 2] No such file or directory: '/home/user/.openclaw/workspace/douyin-auto/data/product_20260223_06_{i}.json'
🤖 [2026-02-23 12:02:39] 开始自动选品...
========================================
🤖 抖音自动选品系统 - 全自动模式
========================================

🔍 正在抓取高佣商品...
✅ 已抓取5个高佣商品
🧠 智能筛选商品...
✅ 智能筛选完成，选定3个商品
  1. 硅胶保鲜盖套装 - 佣金45% - 评分22.25
  2. 多功能厨房剪刀 - 佣金40% - 评分19.78
  3. 便携折叠收纳箱 - 佣金35% - 评分17.41
📝 生成商品详情...
  ✅ 商品1: 硅胶保鲜盖套装
  ✅ 商品2: 多功能厨房剪刀
  ✅ 商品3: 便携折叠收纳箱

✅ 自动选品完成！
📦 已选定3个高佣商品
📁 数据保存在: /home/user/.openclaw/workspace/douyin-auto/data/
⏰ 下次选品: 1小时后
========================================
🚀 [2026-02-23 12:02:39] 开始自动上架...
========================================
🚀 抖店自动上架系统
========================================

📤 正在自动上架商品到抖店...
📝 准备上架3个商品
Traceback (most recent call last):
  File "<stdin>", line 17, in <module>
FileNotFoundError: [Errno 2] No such file or directory: '/home/user/.openclaw/workspace/douyin-auto/data/product_20260223_12_{i}.json'
🤖 [2026-02-23 18:05:48] 开始自动选品...
========================================
🤖 抖音自动选品系统 - 全自动模式
========================================

🔍 正在抓取高佣商品...
✅ 已抓取5个高佣商品
🧠 智能筛选商品...
✅ 智能筛选完成，选定3个商品
  1. 硅胶保鲜盖套装 - 佣金45% - 评分22.25
  2. 多功能厨房剪刀 - 佣金40% - 评分19.78
  3. 便携折叠收纳箱 - 佣金35% - 评分17.41
📝 生成商品详情...
  ✅ 商品1: 硅胶保鲜盖套装
  ✅ 商品2: 多功能厨房剪刀
  ✅ 商品3: 便携折叠收纳箱

✅ 自动选品完成！
📦 已选定3个高佣商品
📁 数据保存在: /home/user/.openclaw/workspace/douyin-auto/data/
⏰ 下次选品: 1小时后
========================================
🚀 [2026-02-23 18:05:48] 开始自动上架...
========================================
🚀 抖店自动上架系统
========================================

📤 正在自动上架商品到抖店...
📝 准备上架3个商品
Traceback (most recent call last):
  File "<stdin>", line 17, in <module>
FileNotFoundError: [Errno 2] No such file or directory: '/home/user/.openclaw/workspace/douyin-auto/data/product_20260223_18_{i}.json'
🤖 [2026-02-24 00:03:18] 开始自动选品...
========================================
🤖 抖音自动选品系统 - 全自动模式
========================================

🔍 正在抓取高佣商品...
✅ 已抓取5个高佣商品
🧠 智能筛选商品...
✅ 智能筛选完成，选定3个商品
  1. 硅胶保鲜盖套装 - 佣金45% - 评分22.25
  2. 多功能厨房剪刀 - 佣金40% - 评分19.78
  3. 便携折叠收纳箱 - 佣金35% - 评分17.41
📝 生成商品详情...
  ✅ 商品1: 硅胶保鲜盖套装
  ✅ 商品2: 多功能厨房剪刀
  ✅ 商品3: 便携折叠收纳箱

✅ 自动选品完成！
📦 已选定3个高佣商品
📁 数据保存在: /home/user/.openclaw/workspace/douyin-auto/data/
⏰ 下次选品: 1小时后
========================================
🚀 [2026-02-24 00:03:18] 开始自动上架...
========================================
🚀 抖店自动上架系统
========================================

📤 正在自动上架商品到抖店...
📝 准备上架3个商品
Traceback (most recent call last):
  File "<stdin>", line 17, in <module>
FileNotFoundError: [Errno 2] No such file or directory: '/home/user/.openclaw/workspace/douyin-auto/data/product_20260224_00_{i}.json'
🤖 [2026-02-24 06:01:28] 开始自动选品...
========================================
🤖 抖音自动选品系统 - 全自动模式
========================================

🔍 正在抓取高佣商品...
✅ 已抓取5个高佣商品
🧠 智能筛选商品...
✅ 智能筛选完成，选定3个商品
  1. 硅胶保鲜盖套装 - 佣金45% - 评分22.25
  2. 多功能厨房剪刀 - 佣金40% - 评分19.78
  3. 便携折叠收纳箱 - 佣金35% - 评分17.41
📝 生成商品详情...
  ✅ 商品1: 硅胶保鲜盖套装
  ✅ 商品2: 多功能厨房剪刀
  ✅ 商品3: 便携折叠收纳箱

✅ 自动选品完成！
📦 已选定3个高佣商品
📁 数据保存在: /home/user/.openclaw/workspace/douyin-auto/data/
⏰ 下次选品: 1小时后
========================================
🚀 [2026-02-24 06:01:28] 开始自动上架...
========================================
🚀 抖店自动上架系统
========================================

📤 正在自动上架商品到抖店...
📝 准备上架3个商品
Traceback (most recent call last):
  File "<stdin>", line 17, in <module>
FileNotFoundError: [Errno 2] No such file or directory: '/home/user/.openclaw/workspace/douyin-auto/data/product_20260224_06_{i}.json'
🤖 [2026-02-24 12:08:23] 开始自动选品...
========================================
🤖 抖音自动选品系统 - 全自动模式
========================================

🔍 正在抓取高佣商品...
✅ 已抓取5个高佣商品
🧠 智能筛选商品...
✅ 智能筛选完成，选定3个商品
  1. 硅胶保鲜盖套装 - 佣金45% - 评分22.25
  2. 多功能厨房剪刀 - 佣金40% - 评分19.78
  3. 便携折叠收纳箱 - 佣金35% - 评分17.41
📝 生成商品详情...
  ✅ 商品1: 硅胶保鲜盖套装
  ✅ 商品2: 多功能厨房剪刀
  ✅ 商品3: 便携折叠收纳箱

✅ 自动选品完成！
📦 已选定3个高佣商品
📁 数据保存在: /home/user/.openclaw/workspace/douyin-auto/data/
⏰ 下次选品: 1小时后
========================================
🚀 [2026-02-24 12:08:23] 开始自动上架...
========================================
🚀 抖店自动上架系统
========================================

📤 正在自动上架商品到抖店...
📝 准备上架3个商品
Traceback (most recent call last):
  File "<stdin>", line 17, in <module>
FileNotFoundError: [Errno 2] No such file or directory: '/home/user/.openclaw/workspace/douyin-auto/data/product_20260224_12_{i}.json'
🤖 [2026-02-24 18:03:25] 开始自动选品...
========================================
🤖 抖音自动选品系统 - 全自动模式
========================================

🔍 正在抓取高佣商品...
✅ 已抓取5个高佣商品
🧠 智能筛选商品...
✅ 智能筛选完成，选定3个商品
  1. 硅胶保鲜盖套装 - 佣金45% - 评分22.25
  2. 多功能厨房剪刀 - 佣金40% - 评分19.78
  3. 便携折叠收纳箱 - 佣金35% - 评分17.41
📝 生成商品详情...
  ✅ 商品1: 硅胶保鲜盖套装
  ✅ 商品2: 多功能厨房剪刀
  ✅ 商品3: 便携折叠收纳箱

✅ 自动选品完成！
📦 已选定3个高佣商品
📁 数据保存在: /home/user/.openclaw/workspace/douyin-auto/data/
⏰ 下次选品: 1小时后
========================================
🚀 [2026-02-24 18:03:25] 开始自动上架...
========================================
🚀 抖店自动上架系统
========================================

📤 正在自动上架商品到抖店...
📝 准备上架3个商品
Traceback (most recent call last):
  File "<stdin>", line 17, in <module>
FileNotFoundError: [Errno 2] No such file or directory: '/home/user/.openclaw/workspace/douyin-auto/data/product_20260224_18_{i}.json'
🤖 [2026-02-25 00:05:31] 开始自动选品...
========================================
🤖 抖音自动选品系统 - 全自动模式
========================================

🔍 正在抓取高佣商品...
✅ 已抓取5个高佣商品
🧠 智能筛选商品...
✅ 智能筛选完成，选定3个商品
  1. 硅胶保鲜盖套装 - 佣金45% - 评分22.25
  2. 多功能厨房剪刀 - 佣金40% - 评分19.78
  3. 便携折叠收纳箱 - 佣金35% - 评分17.41
📝 生成商品详情...
  ✅ 商品1: 硅胶保鲜盖套装
  ✅ 商品2: 多功能厨房剪刀
  ✅ 商品3: 便携折叠收纳箱

✅ 自动选品完成！
📦 已选定3个高佣商品
📁 数据保存在: /home/user/.openclaw/workspace/douyin-auto/data/
⏰ 下次选品: 1小时后
========================================
🚀 [2026-02-25 00:05:31] 开始自动上架...
========================================
🚀 抖店自动上架系统
========================================

📤 正在自动上架商品到抖店...
📝 准备上架3个商品
Traceback (most recent call last):
  File "<stdin>", line 17, in <module>
FileNotFoundError: [Errno 2] No such file or directory: '/home/user/.openclaw/workspace/douyin-auto/data/product_20260225_00_{i}.json'
🤖 [2026-02-25 06:03:09] 开始自动选品...
========================================
🤖 抖音自动选品系统 - 全自动模式
========================================

🔍 正在抓取高佣商品...
✅ 已抓取5个高佣商品
🧠 智能筛选商品...
✅ 智能筛选完成，选定3个商品
  1. 硅胶保鲜盖套装 - 佣金45% - 评分22.25
  2. 多功能厨房剪刀 - 佣金40% - 评分19.78
  3. 便携折叠收纳箱 - 佣金35% - 评分17.41
📝 生成商品详情...
  ✅ 商品1: 硅胶保鲜盖套装
  ✅ 商品2: 多功能厨房剪刀
  ✅ 商品3: 便携折叠收纳箱

✅ 自动选品完成！
📦 已选定3个高佣商品
📁 数据保存在: /home/user/.openclaw/workspace/douyin-auto/data/
⏰ 下次选品: 1小时后
========================================
🚀 [2026-02-25 06:03:09] 开始自动上架...
========================================
🚀 抖店自动上架系统
========================================

📤 正在自动上架商品到抖店...
📝 准备上架3个商品
Traceback (most recent call last):
  File "<stdin>", line 17, in <module>
FileNotFoundError: [Errno 2] No such file or directory: '/home/user/.openclaw/workspace/douyin-auto/data/product_20260225_06_{i}.json'
🤖 [2026-02-25 12:02:56] 开始自动选品...
========================================
🤖 抖音自动选品系统 - 全自动模式
========================================

🔍 正在抓取高佣商品...
✅ 已抓取5个高佣商品
🧠 智能筛选商品...
✅ 智能筛选完成，选定3个商品
  1. 硅胶保鲜盖套装 - 佣金45% - 评分22.25
  2. 多功能厨房剪刀 - 佣金40% - 评分19.78
  3. 便携折叠收纳箱 - 佣金35% - 评分17.41
📝 生成商品详情...
  ✅ 商品1: 硅胶保鲜盖套装
  ✅ 商品2: 多功能厨房剪刀
  ✅ 商品3: 便携折叠收纳箱

✅ 自动选品完成！
📦 已选定3个高佣商品
📁 数据保存在: /home/user/.openclaw/workspace/douyin-auto/data/
⏰ 下次选品: 1小时后
========================================
🚀 [2026-02-25 12:02:56] 开始自动上架...
========================================
🚀 抖店自动上架系统
========================================

📤 正在自动上架商品到抖店...
📝 准备上架3个商品
Traceback (most recent call last):
  File "<stdin>", line 17, in <module>
FileNotFoundError: [Errno 2] No such file or directory: '/home/user/.openclaw/workspace/douyin-auto/data/product_20260225_12_{i}.json'
🤖 [2026-02-25 18:02:36] 开始自动选品...
========================================
🤖 抖音自动选品系统 - 全自动模式
========================================

🔍 正在抓取高佣商品...
✅ 已抓取5个高佣商品
🧠 智能筛选商品...
✅ 智能筛选完成，选定3个商品
  1. 硅胶保鲜盖套装 - 佣金45% - 评分22.25
  2. 多功能厨房剪刀 - 佣金40% - 评分19.78
  3. 便携折叠收纳箱 - 佣金35% - 评分17.41
📝 生成商品详情...
  ✅ 商品1: 硅胶保鲜盖套装
  ✅ 商品2: 多功能厨房剪刀
  ✅ 商品3: 便携折叠收纳箱

✅ 自动选品完成！
📦 已选定3个高佣商品
📁 数据保存在: /home/user/.openclaw/workspace/douyin-auto/data/
⏰ 下次选品: 1小时后
========================================
🚀 [2026-02-25 18:02:36] 开始自动上架...
========================================
🚀 抖店自动上架系统
========================================

📤 正在自动上架商品到抖店...
📝 准备上架3个商品
Traceback (most recent call last):
  File "<stdin>", line 17, in <module>
FileNotFoundError: [Errno 2] No such file or directory: '/home/user/.openclaw/workspace/douyin-auto/data/product_20260225_18_{i}.json'
🤖 [2026-02-26 00:03:31] 开始自动选品...
========================================
🤖 抖音自动选品系统 - 全自动模式
========================================

🔍 正在抓取高佣商品...
✅ 已抓取5个高佣商品
🧠 智能筛选商品...
✅ 智能筛选完成，选定3个商品
  1. 硅胶保鲜盖套装 - 佣金45% - 评分22.25
  2. 多功能厨房剪刀 - 佣金40% - 评分19.78
  3. 便携折叠收纳箱 - 佣金35% - 评分17.41
📝 生成商品详情...
  ✅ 商品1: 硅胶保鲜盖套装
  ✅ 商品2: 多功能厨房剪刀
  ✅ 商品3: 便携折叠收纳箱

✅ 自动选品完成！
📦 已选定3个高佣商品
📁 数据保存在: /home/user/.openclaw/workspace/douyin-auto/data/
⏰ 下次选品: 1小时后
========================================
🚀 [2026-02-26 00:03:31] 开始自动上架...
========================================
🚀 抖店自动上架系统
========================================

📤 正在自动上架商品到抖店...
📝 准备上架3个商品
Traceback (most recent call last):
  File "<stdin>", line 17, in <module>
FileNotFoundError: [Errno 2] No such file or directory: '/home/user/.openclaw/workspace/douyin-auto/data/product_20260226_00_{i}.json'
🤖 [2026-02-26 06:00:18] 开始自动选品...
========================================
🤖 抖音自动选品系统 - 全自动模式
========================================

🔍 正在抓取高佣商品...
✅ 已抓取5个高佣商品
🧠 智能筛选商品...
✅ 智能筛选完成，选定3个商品
  1. 硅胶保鲜盖套装 - 佣金45% - 评分22.25
  2. 多功能厨房剪刀 - 佣金40% - 评分19.78
  3. 便携折叠收纳箱 - 佣金35% - 评分17.41
📝 生成商品详情...
  ✅ 商品1: 硅胶保鲜盖套装
  ✅ 商品2: 多功能厨房剪刀
  ✅ 商品3: 便携折叠收纳箱

✅ 自动选品完成！
📦 已选定3个高佣商品
📁 数据保存在: /home/user/.openclaw/workspace/douyin-auto/data/
⏰ 下次选品: 1小时后
========================================
🚀 [2026-02-26 06:00:18] 开始自动上架...
========================================
🚀 抖店自动上架系统
========================================

📤 正在自动上架商品到抖店...
📝 准备上架3个商品
Traceback (most recent call last):
  File "<stdin>", line 17, in <module>
FileNotFoundError: [Errno 2] No such file or directory: '/home/user/.openclaw/workspace/douyin-auto/data/product_20260226_06_{i}.json'
🤖 [2026-02-26 12:02:13] 开始自动选品...
========================================
🤖 抖音自动选品系统 - 全自动模式
========================================

🔍 正在抓取高佣商品...
✅ 已抓取5个高佣商品
🧠 智能筛选商品...
✅ 智能筛选完成，选定3个商品
  1. 硅胶保鲜盖套装 - 佣金45% - 评分22.25
  2. 多功能厨房剪刀 - 佣金40% - 评分19.78
  3. 便携折叠收纳箱 - 佣金35% - 评分17.41
📝 生成商品详情...
  ✅ 商品1: 硅胶保鲜盖套装
  ✅ 商品2: 多功能厨房剪刀
  ✅ 商品3: 便携折叠收纳箱

✅ 自动选品完成！
📦 已选定3个高佣商品
📁 数据保存在: /home/user/.openclaw/workspace/douyin-auto/data/
⏰ 下次选品: 1小时后
========================================
🚀 [2026-02-26 12:02:14] 开始自动上架...
========================================
🚀 抖店自动上架系统
========================================

📤 正在自动上架商品到抖店...
📝 准备上架3个商品
Traceback (most recent call last):
  File "<stdin>", line 17, in <module>
FileNotFoundError: [Errno 2] No such file or directory: '/home/user/.openclaw/workspace/douyin-auto/data/product_20260226_12_{i}.json'
🤖 [2026-02-26 18:00:35] 开始自动选品...
========================================
🤖 抖音自动选品系统 - 全自动模式
========================================

🔍 正在抓取高佣商品...
✅ 已抓取5个高佣商品
🧠 智能筛选商品...
✅ 智能筛选完成，选定3个商品
  1. 硅胶保鲜盖套装 - 佣金45% - 评分22.25
  2. 多功能厨房剪刀 - 佣金40% - 评分19.78
  3. 便携折叠收纳箱 - 佣金35% - 评分17.41
📝 生成商品详情...
  ✅ 商品1: 硅胶保鲜盖套装
  ✅ 商品2: 多功能厨房剪刀
  ✅ 商品3: 便携折叠收纳箱

✅ 自动选品完成！
📦 已选定3个高佣商品
📁 数据保存在: /home/user/.openclaw/workspace/douyin-auto/data/
⏰ 下次选品: 1小时后
========================================
🚀 [2026-02-26 18:00:35] 开始自动上架...
========================================
🚀 抖店自动上架系统
========================================

📤 正在自动上架商品到抖店...
📝 准备上架3个商品
Traceback (most recent call last):
  File "<stdin>", line 17, in <module>
FileNotFoundError: [Errno 2] No such file or directory: '/home/user/.openclaw/workspace/douyin-auto/data/product_20260226_18_{i}.json'
🤖 [2026-02-27 00:01:25] 开始自动选品...
========================================
🤖 抖音自动选品系统 - 全自动模式
========================================

🔍 正在抓取高佣商品...
✅ 已抓取5个高佣商品
🧠 智能筛选商品...
✅ 智能筛选完成，选定3个商品
  1. 硅胶保鲜盖套装 - 佣金45% - 评分22.25
  2. 多功能厨房剪刀 - 佣金40% - 评分19.78
  3. 便携折叠收纳箱 - 佣金35% - 评分17.41
📝 生成商品详情...
  ✅ 商品1: 硅胶保鲜盖套装
  ✅ 商品2: 多功能厨房剪刀
  ✅ 商品3: 便携折叠收纳箱

✅ 自动选品完成！
📦 已选定3个高佣商品
📁 数据保存在: /home/user/.openclaw/workspace/douyin-auto/data/
⏰ 下次选品: 1小时后
========================================
🚀 [2026-02-27 00:01:25] 开始自动上架...
========================================
🚀 抖店自动上架系统
========================================

📤 正在自动上架商品到抖店...
📝 准备上架3个商品
Traceback (most recent call last):
  File "<stdin>", line 17, in <module>
FileNotFoundError: [Errno 2] No such file or directory: '/home/user/.openclaw/workspace/douyin-auto/data/product_20260227_00_{i}.json'
🤖 [2026-02-27 06:01:00] 开始自动选品...
========================================
🤖 抖音自动选品系统 - 全自动模式
========================================

🔍 正在抓取高佣商品...
✅ 已抓取5个高佣商品
🧠 智能筛选商品...
✅ 智能筛选完成，选定3个商品
  1. 硅胶保鲜盖套装 - 佣金45% - 评分22.25
  2. 多功能厨房剪刀 - 佣金40% - 评分19.78
  3. 便携折叠收纳箱 - 佣金35% - 评分17.41
📝 生成商品详情...
  ✅ 商品1: 硅胶保鲜盖套装
  ✅ 商品2: 多功能厨房剪刀
  ✅ 商品3: 便携折叠收纳箱

✅ 自动选品完成！
📦 已选定3个高佣商品
📁 数据保存在: /home/user/.openclaw/workspace/douyin-auto/data/
⏰ 下次选品: 1小时后
========================================
🚀 [2026-02-27 06:01:00] 开始自动上架...
========================================
🚀 抖店自动上架系统
========================================

📤 正在自动上架商品到抖店...
📝 准备上架3个商品
Traceback (most recent call last):
  File "<stdin>", line 17, in <module>
FileNotFoundError: [Errno 2] No such file or directory: '/home/user/.openclaw/workspace/douyin-auto/data/product_20260227_06_{i}.json'
🤖 [2026-02-27 12:01:08] 开始自动选品...
========================================
🤖 抖音自动选品系统 - 全自动模式
========================================

🔍 正在抓取高佣商品...
✅ 已抓取5个高佣商品
🧠 智能筛选商品...
✅ 智能筛选完成，选定3个商品
  1. 硅胶保鲜盖套装 - 佣金45% - 评分22.25
  2. 多功能厨房剪刀 - 佣金40% - 评分19.78
  3. 便携折叠收纳箱 - 佣金35% - 评分17.41
📝 生成商品详情...
  ✅ 商品1: 硅胶保鲜盖套装
  ✅ 商品2: 多功能厨房剪刀
  ✅ 商品3: 便携折叠收纳箱

✅ 自动选品完成！
📦 已选定3个高佣商品
📁 数据保存在: /home/user/.openclaw/workspace/douyin-auto/data/
⏰ 下次选品: 1小时后
========================================
🚀 [2026-02-27 12:01:08] 开始自动上架...
========================================
🚀 抖店自动上架系统
========================================

📤 正在自动上架商品到抖店...
📝 准备上架3个商品
Traceback (most recent call last):
  File "<stdin>", line 17, in <module>
FileNotFoundError: [Errno 2] No such file or directory: '/home/user/.openclaw/workspace/douyin-auto/data/product_20260227_12_{i}.json'
🤖 [2026-02-27 18:00:49] 开始自动选品...
========================================
🤖 抖音自动选品系统 - 全自动模式
========================================

🔍 正在抓取高佣商品...
✅ 已抓取5个高佣商品
🧠 智能筛选商品...
✅ 智能筛选完成，选定3个商品
  1. 硅胶保鲜盖套装 - 佣金45% - 评分22.25
  2. 多功能厨房剪刀 - 佣金40% - 评分19.78
  3. 便携折叠收纳箱 - 佣金35% - 评分17.41
📝 生成商品详情...
  ✅ 商品1: 硅胶保鲜盖套装
  ✅ 商品2: 多功能厨房剪刀
  ✅ 商品3: 便携折叠收纳箱

✅ 自动选品完成！
📦 已选定3个高佣商品
📁 数据保存在: /home/user/.openclaw/workspace/douyin-auto/data/
⏰ 下次选品: 1小时后
========================================
🚀 [2026-02-27 18:00:49] 开始自动上架...
========================================
🚀 抖店自动上架系统
========================================

📤 正在自动上架商品到抖店...
📝 准备上架3个商品
Traceback (most recent call last):
  File "<stdin>", line 17, in <module>
FileNotFoundError: [Errno 2] No such file or directory: '/home/user/.openclaw/workspace/douyin-auto/data/product_20260227_18_{i}.json'
🤖 [2026-02-28 00:01:50] 开始自动选品...
========================================
🤖 抖音自动选品系统 - 全自动模式
========================================

🔍 正在抓取高佣商品...
✅ 已抓取5个高佣商品
🧠 智能筛选商品...
✅ 智能筛选完成，选定3个商品
  1. 硅胶保鲜盖套装 - 佣金45% - 评分22.25
  2. 多功能厨房剪刀 - 佣金40% - 评分19.78
  3. 便携折叠收纳箱 - 佣金35% - 评分17.41
📝 生成商品详情...
  ✅ 商品1: 硅胶保鲜盖套装
  ✅ 商品2: 多功能厨房剪刀
  ✅ 商品3: 便携折叠收纳箱

✅ 自动选品完成！
📦 已选定3个高佣商品
📁 数据保存在: /home/user/.openclaw/workspace/douyin-auto/data/
⏰ 下次选品: 1小时后
========================================
🚀 [2026-02-28 00:01:50] 开始自动上架...
========================================
🚀 抖店自动上架系统
========================================

📤 正在自动上架商品到抖店...
📝 准备上架3个商品
Traceback (most recent call last):
  File "<stdin>", line 17, in <module>
FileNotFoundError: [Errno 2] No such file or directory: '/home/user/.openclaw/workspace/douyin-auto/data/product_20260228_00_{i}.json'
🤖 [2026-02-28 06:00:35] 开始自动选品...
========================================
🤖 抖音自动选品系统 - 全自动模式
========================================

🔍 正在抓取高佣商品...
✅ 已抓取5个高佣商品
🧠 智能筛选商品...
✅ 智能筛选完成，选定3个商品
  1. 硅胶保鲜盖套装 - 佣金45% - 评分22.25
  2. 多功能厨房剪刀 - 佣金40% - 评分19.78
  3. 便携折叠收纳箱 - 佣金35% - 评分17.41
📝 生成商品详情...
  ✅ 商品1: 硅胶保鲜盖套装
  ✅ 商品2: 多功能厨房剪刀
  ✅ 商品3: 便携折叠收纳箱

✅ 自动选品完成！
📦 已选定3个高佣商品
📁 数据保存在: /home/user/.openclaw/workspace/douyin-auto/data/
⏰ 下次选品: 1小时后
========================================
🚀 [2026-02-28 06:00:35] 开始自动上架...
========================================
🚀 抖店自动上架系统
========================================

📤 正在自动上架商品到抖店...
📝 准备上架3个商品
Traceback (most recent call last):
  File "<stdin>", line 17, in <module>
FileNotFoundError: [Errno 2] No such file or directory: '/home/user/.openclaw/workspace/douyin-auto/data/product_20260228_06_{i}.json'
🤖 [2026-02-28 12:01:25] 开始自动选品...
========================================
🤖 抖音自动选品系统 - 全自动模式
========================================

🔍 正在抓取高佣商品...
✅ 已抓取5个高佣商品
🧠 智能筛选商品...
✅ 智能筛选完成，选定3个商品
  1. 硅胶保鲜盖套装 - 佣金45% - 评分22.25
  2. 多功能厨房剪刀 - 佣金40% - 评分19.78
  3. 便携折叠收纳箱 - 佣金35% - 评分17.41
📝 生成商品详情...
  ✅ 商品1: 硅胶保鲜盖套装
  ✅ 商品2: 多功能厨房剪刀
  ✅ 商品3: 便携折叠收纳箱

✅ 自动选品完成！
📦 已选定3个高佣商品
📁 数据保存在: /home/user/.openclaw/workspace/douyin-auto/data/
⏰ 下次选品: 1小时后
========================================
🚀 [2026-02-28 12:01:25] 开始自动上架...
========================================
🚀 抖店自动上架系统
========================================

📤 正在自动上架商品到抖店...
📝 准备上架3个商品
Traceback (most recent call last):
  File "<stdin>", line 17, in <module>
FileNotFoundError: [Errno 2] No such file or directory: '/home/user/.openclaw/workspace/douyin-auto/data/product_20260228_12_{i}.json'
🤖 [2026-03-05 06:04:40] 开始自动选品...
========================================
🤖 抖音自动选品系统 - 全自动模式
========================================

🔍 正在抓取高佣商品...
✅ 已抓取5个高佣商品
🧠 智能筛选商品...
✅ 智能筛选完成，选定3个商品
  1. 硅胶保鲜盖套装 - 佣金45% - 评分22.25
  2. 多功能厨房剪刀 - 佣金40% - 评分19.78
  3. 便携折叠收纳箱 - 佣金35% - 评分17.41
📝 生成商品详情...
  ✅ 商品1: 硅胶保鲜盖套装
  ✅ 商品2: 多功能厨房剪刀
  ✅ 商品3: 便携折叠收纳箱

✅ 自动选品完成！
📦 已选定3个高佣商品
📁 数据保存在: /home/user/.openclaw/workspace/douyin-auto/data/
⏰ 下次选品: 1小时后
========================================
🚀 [2026-03-05 06:04:40] 开始自动上架...
========================================
🚀 抖店自动上架系统
========================================

📤 正在自动上架商品到抖店...
📝 准备上架3个商品
Traceback (most recent call last):
  File "<stdin>", line 17, in <module>
FileNotFoundError: [Errno 2] No such file or directory: '/home/user/.openclaw/workspace/douyin-auto/data/product_20260305_06_{i}.json'
🤖 [2026-03-05 12:04:43] 开始自动选品...
========================================
🤖 抖音自动选品系统 - 全自动模式
========================================

🔍 正在抓取高佣商品...
✅ 已抓取5个高佣商品
🧠 智能筛选商品...
✅ 智能筛选完成，选定3个商品
  1. 硅胶保鲜盖套装 - 佣金45% - 评分22.25
  2. 多功能厨房剪刀 - 佣金40% - 评分19.78
  3. 便携折叠收纳箱 - 佣金35% - 评分17.41
📝 生成商品详情...
  ✅ 商品1: 硅胶保鲜盖套装
  ✅ 商品2: 多功能厨房剪刀
  ✅ 商品3: 便携折叠收纳箱

✅ 自动选品完成！
📦 已选定3个高佣商品
📁 数据保存在: /home/user/.openclaw/workspace/douyin-auto/data/
⏰ 下次选品: 1小时后
========================================
🚀 [2026-03-05 12:04:43] 开始自动上架...
========================================
🚀 抖店自动上架系统
========================================

📤 正在自动上架商品到抖店...
📝 准备上架3个商品
Traceback (most recent call last):
  File "<stdin>", line 17, in <module>
FileNotFoundError: [Errno 2] No such file or directory: '/home/user/.openclaw/workspace/douyin-auto/data/product_20260305_12_{i}.json'
🤖 [2026-03-05 18:04:46] 开始自动选品...
========================================
🤖 抖音自动选品系统 - 全自动模式
========================================

🔍 正在抓取高佣商品...
✅ 已抓取5个高佣商品
🧠 智能筛选商品...
✅ 智能筛选完成，选定3个商品
  1. 硅胶保鲜盖套装 - 佣金45% - 评分22.25
  2. 多功能厨房剪刀 - 佣金40% - 评分19.78
  3. 便携折叠收纳箱 - 佣金35% - 评分17.41
📝 生成商品详情...
  ✅ 商品1: 硅胶保鲜盖套装
  ✅ 商品2: 多功能厨房剪刀
  ✅ 商品3: 便携折叠收纳箱

✅ 自动选品完成！
📦 已选定3个高佣商品
📁 数据保存在: /home/user/.openclaw/workspace/douyin-auto/data/
⏰ 下次选品: 1小时后
========================================
🚀 [2026-03-05 18:04:46] 开始自动上架...
========================================
🚀 抖店自动上架系统
========================================

📤 正在自动上架商品到抖店...
📝 准备上架3个商品
Traceback (most recent call last):
  File "<stdin>", line 17, in <module>
FileNotFoundError: [Errno 2] No such file or directory: '/home/user/.openclaw/workspace/douyin-auto/data/product_20260305_18_{i}.json'
🤖 [2026-03-06 00:04:38] 开始自动选品...
========================================
🤖 抖音自动选品系统 - 全自动模式
========================================

🔍 正在抓取高佣商品...
✅ 已抓取5个高佣商品
🧠 智能筛选商品...
✅ 智能筛选完成，选定3个商品
  1. 硅胶保鲜盖套装 - 佣金45% - 评分22.25
  2. 多功能厨房剪刀 - 佣金40% - 评分19.78
  3. 便携折叠收纳箱 - 佣金35% - 评分17.41
📝 生成商品详情...
  ✅ 商品1: 硅胶保鲜盖套装
  ✅ 商品2: 多功能厨房剪刀
  ✅ 商品3: 便携折叠收纳箱

✅ 自动选品完成！
📦 已选定3个高佣商品
📁 数据保存在: /home/user/.openclaw/workspace/douyin-auto/data/
⏰ 下次选品: 1小时后
========================================
🚀 [2026-03-06 00:04:38] 开始自动上架...
========================================
🚀 抖店自动上架系统
========================================

📤 正在自动上架商品到抖店...
📝 准备上架3个商品
Traceback (most recent call last):
  File "<stdin>", line 17, in <module>
FileNotFoundError: [Errno 2] No such file or directory: '/home/user/.openclaw/workspace/douyin-auto/data/product_20260306_00_{i}.json'
🤖 [2026-03-06 06:04:41] 开始自动选品...
========================================
🤖 抖音自动选品系统 - 全自动模式
========================================

🔍 正在抓取高佣商品...
✅ 已抓取5个高佣商品
🧠 智能筛选商品...
✅ 智能筛选完成，选定3个商品
  1. 硅胶保鲜盖套装 - 佣金45% - 评分22.25
  2. 多功能厨房剪刀 - 佣金40% - 评分19.78
  3. 便携折叠收纳箱 - 佣金35% - 评分17.41
📝 生成商品详情...
  ✅ 商品1: 硅胶保鲜盖套装
  ✅ 商品2: 多功能厨房剪刀
  ✅ 商品3: 便携折叠收纳箱

✅ 自动选品完成！
📦 已选定3个高佣商品
📁 数据保存在: /home/user/.openclaw/workspace/douyin-auto/data/
⏰ 下次选品: 1小时后
========================================
🚀 [2026-03-06 06:04:41] 开始自动上架...
========================================
🚀 抖店自动上架系统
========================================

📤 正在自动上架商品到抖店...
📝 准备上架3个商品
Traceback (most recent call last):
  File "<stdin>", line 17, in <module>
FileNotFoundError: [Errno 2] No such file or directory: '/home/user/.openclaw/workspace/douyin-auto/data/product_20260306_06_{i}.json'
🤖 [2026-03-06 12:04:39] 开始自动选品...
========================================
🤖 抖音自动选品系统 - 全自动模式
========================================

🔍 正在抓取高佣商品...
✅ 已抓取5个高佣商品
🧠 智能筛选商品...
✅ 智能筛选完成，选定3个商品
  1. 硅胶保鲜盖套装 - 佣金45% - 评分22.25
  2. 多功能厨房剪刀 - 佣金40% - 评分19.78
  3. 便携折叠收纳箱 - 佣金35% - 评分17.41
📝 生成商品详情...
  ✅ 商品1: 硅胶保鲜盖套装
  ✅ 商品2: 多功能厨房剪刀
  ✅ 商品3: 便携折叠收纳箱

✅ 自动选品完成！
📦 已选定3个高佣商品
📁 数据保存在: /home/user/.openclaw/workspace/douyin-auto/data/
⏰ 下次选品: 1小时后
========================================
🚀 [2026-03-06 12:04:39] 开始自动上架...
========================================
🚀 抖店自动上架系统
========================================

📤 正在自动上架商品到抖店...
📝 准备上架3个商品
Traceback (most recent call last):
  File "<stdin>", line 17, in <module>
FileNotFoundError: [Errno 2] No such file or directory: '/home/user/.openclaw/workspace/douyin-auto/data/product_20260306_12_{i}.json'
🤖 [2026-03-06 18:04:41] 开始自动选品...
========================================
🤖 抖音自动选品系统 - 全自动模式
========================================

🔍 正在抓取高佣商品...
✅ 已抓取5个高佣商品
🧠 智能筛选商品...
✅ 智能筛选完成，选定3个商品
  1. 硅胶保鲜盖套装 - 佣金45% - 评分22.25
  2. 多功能厨房剪刀 - 佣金40% - 评分19.78
  3. 便携折叠收纳箱 - 佣金35% - 评分17.41
📝 生成商品详情...
  ✅ 商品1: 硅胶保鲜盖套装
  ✅ 商品2: 多功能厨房剪刀
  ✅ 商品3: 便携折叠收纳箱

✅ 自动选品完成！
📦 已选定3个高佣商品
📁 数据保存在: /home/user/.openclaw/workspace/douyin-auto/data/
⏰ 下次选品: 1小时后
========================================
🚀 [2026-03-06 18:04:41] 开始自动上架...
========================================
🚀 抖店自动上架系统
========================================

📤 正在自动上架商品到抖店...
📝 准备上架3个商品
Traceback (most recent call last):
  File "<stdin>", line 17, in <module>
FileNotFoundError: [Errno 2] No such file or directory: '/home/user/.openclaw/workspace/douyin-auto/data/product_20260306_18_{i}.json'
🤖 [2026-03-07 00:04:45] 开始自动选品...
========================================
🤖 抖音自动选品系统 - 全自动模式
========================================

🔍 正在抓取高佣商品...
✅ 已抓取5个高佣商品
🧠 智能筛选商品...
✅ 智能筛选完成，选定3个商品
  1. 硅胶保鲜盖套装 - 佣金45% - 评分22.25
  2. 多功能厨房剪刀 - 佣金40% - 评分19.78
  3. 便携折叠收纳箱 - 佣金35% - 评分17.41
📝 生成商品详情...
  ✅ 商品1: 硅胶保鲜盖套装
  ✅ 商品2: 多功能厨房剪刀
  ✅ 商品3: 便携折叠收纳箱

✅ 自动选品完成！
📦 已选定3个高佣商品
📁 数据保存在: /home/user/.openclaw/workspace/douyin-auto/data/
⏰ 下次选品: 1小时后
========================================
🚀 [2026-03-07 00:04:45] 开始自动上架...
========================================
🚀 抖店自动上架系统
========================================

📤 正在自动上架商品到抖店...
📝 准备上架3个商品
Traceback (most recent call last):
  File "<stdin>", line 17, in <module>
FileNotFoundError: [Errno 2] No such file or directory: '/home/user/.openclaw/workspace/douyin-auto/data/product_20260307_00_{i}.json'
🤖 [2026-03-07 06:04:39] 开始自动选品...
========================================
🤖 抖音自动选品系统 - 全自动模式
========================================

🔍 正在抓取高佣商品...
✅ 已抓取5个高佣商品
🧠 智能筛选商品...
✅ 智能筛选完成，选定3个商品
  1. 硅胶保鲜盖套装 - 佣金45% - 评分22.25
  2. 多功能厨房剪刀 - 佣金40% - 评分19.78
  3. 便携折叠收纳箱 - 佣金35% - 评分17.41
📝 生成商品详情...
  ✅ 商品1: 硅胶保鲜盖套装
  ✅ 商品2: 多功能厨房剪刀
  ✅ 商品3: 便携折叠收纳箱

✅ 自动选品完成！
📦 已选定3个高佣商品
📁 数据保存在: /home/user/.openclaw/workspace/douyin-auto/data/
⏰ 下次选品: 1小时后
========================================
🚀 [2026-03-07 06:04:39] 开始自动上架...
========================================
🚀 抖店自动上架系统
========================================

📤 正在自动上架商品到抖店...
📝 准备上架3个商品
Traceback (most recent call last):
  File "<stdin>", line 17, in <module>
FileNotFoundError: [Errno 2] No such file or directory: '/home/user/.openclaw/workspace/douyin-auto/data/product_20260307_06_{i}.json'
🤖 [2026-03-07 12:04:39] 开始自动选品...
========================================
🤖 抖音自动选品系统 - 全自动模式
========================================

🔍 正在抓取高佣商品...
✅ 已抓取5个高佣商品
🧠 智能筛选商品...
✅ 智能筛选完成，选定3个商品
  1. 硅胶保鲜盖套装 - 佣金45% - 评分22.25
  2. 多功能厨房剪刀 - 佣金40% - 评分19.78
  3. 便携折叠收纳箱 - 佣金35% - 评分17.41
📝 生成商品详情...
  ✅ 商品1: 硅胶保鲜盖套装
  ✅ 商品2: 多功能厨房剪刀
  ✅ 商品3: 便携折叠收纳箱

✅ 自动选品完成！
📦 已选定3个高佣商品
📁 数据保存在: /home/user/.openclaw/workspace/douyin-auto/data/
⏰ 下次选品: 1小时后
========================================
🚀 [2026-03-07 12:04:39] 开始自动上架...
========================================
🚀 抖店自动上架系统
========================================

📤 正在自动上架商品到抖店...
📝 准备上架3个商品
Traceback (most recent call last):
  File "<stdin>", line 17, in <module>
FileNotFoundError: [Errno 2] No such file or directory: '/home/user/.openclaw/workspace/douyin-auto/data/product_20260307_12_{i}.json'
🤖 [2026-03-07 18:04:47] 开始自动选品...
========================================
🤖 抖音自动选品系统 - 全自动模式
========================================

🔍 正在抓取高佣商品...
✅ 已抓取5个高佣商品
🧠 智能筛选商品...
✅ 智能筛选完成，选定3个商品
  1. 硅胶保鲜盖套装 - 佣金45% - 评分22.25
  2. 多功能厨房剪刀 - 佣金40% - 评分19.78
  3. 便携折叠收纳箱 - 佣金35% - 评分17.41
📝 生成商品详情...
  ✅ 商品1: 硅胶保鲜盖套装
  ✅ 商品2: 多功能厨房剪刀
  ✅ 商品3: 便携折叠收纳箱

✅ 自动选品完成！
📦 已选定3个高佣商品
📁 数据保存在: /home/user/.openclaw/workspace/douyin-auto/data/
⏰ 下次选品: 1小时后
========================================
🚀 [2026-03-07 18:04:47] 开始自动上架...
========================================
🚀 抖店自动上架系统
========================================

📤 正在自动上架商品到抖店...
📝 准备上架3个商品
Traceback (most recent call last):
  File "<stdin>", line 17, in <module>
FileNotFoundError: [Errno 2] No such file or directory: '/home/user/.openclaw/workspace/douyin-auto/data/product_20260307_18_{i}.json'
🤖 [2026-03-08 00:04:37] 开始自动选品...
========================================
🤖 抖音自动选品系统 - 全自动模式
========================================

🔍 正在抓取高佣商品...
✅ 已抓取5个高佣商品
🧠 智能筛选商品...
✅ 智能筛选完成，选定3个商品
  1. 硅胶保鲜盖套装 - 佣金45% - 评分22.25
  2. 多功能厨房剪刀 - 佣金40% - 评分19.78
  3. 便携折叠收纳箱 - 佣金35% - 评分17.41
📝 生成商品详情...
  ✅ 商品1: 硅胶保鲜盖套装
  ✅ 商品2: 多功能厨房剪刀
  ✅ 商品3: 便携折叠收纳箱

✅ 自动选品完成！
📦 已选定3个高佣商品
📁 数据保存在: /home/user/.openclaw/workspace/douyin-auto/data/
⏰ 下次选品: 1小时后
========================================
🚀 [2026-03-08 00:04:37] 开始自动上架...
========================================
🚀 抖店自动上架系统
========================================

📤 正在自动上架商品到抖店...
📝 准备上架3个商品
Traceback (most recent call last):
  File "<stdin>", line 17, in <module>
FileNotFoundError: [Errno 2] No such file or directory: '/home/user/.openclaw/workspace/douyin-auto/data/product_20260308_00_{i}.json'
🤖 [2026-03-08 06:04:52] 开始自动选品...
========================================
🤖 抖音自动选品系统 - 全自动模式
========================================

🔍 正在抓取高佣商品...
✅ 已抓取5个高佣商品
🧠 智能筛选商品...
✅ 智能筛选完成，选定3个商品
  1. 硅胶保鲜盖套装 - 佣金45% - 评分22.25
  2. 多功能厨房剪刀 - 佣金40% - 评分19.78
  3. 便携折叠收纳箱 - 佣金35% - 评分17.41
📝 生成商品详情...
  ✅ 商品1: 硅胶保鲜盖套装
  ✅ 商品2: 多功能厨房剪刀
  ✅ 商品3: 便携折叠收纳箱

✅ 自动选品完成！
📦 已选定3个高佣商品
📁 数据保存在: /home/user/.openclaw/workspace/douyin-auto/data/
⏰ 下次选品: 1小时后
========================================
🚀 [2026-03-08 06:04:52] 开始自动上架...
========================================
🚀 抖店自动上架系统
========================================

📤 正在自动上架商品到抖店...
📝 准备上架3个商品
Traceback (most recent call last):
  File "<stdin>", line 17, in <module>
FileNotFoundError: [Errno 2] No such file or directory: '/home/user/.openclaw/workspace/douyin-auto/data/product_20260308_06_{i}.json'
🤖 [2026-03-08 12:04:39] 开始自动选品...
========================================
🤖 抖音自动选品系统 - 全自动模式
========================================

🔍 正在抓取高佣商品...
✅ 已抓取5个高佣商品
🧠 智能筛选商品...
✅ 智能筛选完成，选定3个商品
  1. 硅胶保鲜盖套装 - 佣金45% - 评分22.25
  2. 多功能厨房剪刀 - 佣金40% - 评分19.78
  3. 便携折叠收纳箱 - 佣金35% - 评分17.41
📝 生成商品详情...
  ✅ 商品1: 硅胶保鲜盖套装
  ✅ 商品2: 多功能厨房剪刀
  ✅ 商品3: 便携折叠收纳箱

✅ 自动选品完成！
📦 已选定3个高佣商品
📁 数据保存在: /home/user/.openclaw/workspace/douyin-auto/data/
⏰ 下次选品: 1小时后
========================================
🚀 [2026-03-08 12:04:39] 开始自动上架...
========================================
🚀 抖店自动上架系统
========================================

📤 正在自动上架商品到抖店...
📝 准备上架3个商品
Traceback (most recent call last):
  File "<stdin>", line 17, in <module>
FileNotFoundError: [Errno 2] No such file or directory: '/home/user/.openclaw/workspace/douyin-auto/data/product_20260308_12_{i}.json'
🤖 [2026-03-09 06:04:41] 开始自动选品...
========================================
🤖 抖音自动选品系统 - 全自动模式
========================================

🔍 正在抓取高佣商品...
✅ 已抓取5个高佣商品
🧠 智能筛选商品...
✅ 智能筛选完成，选定3个商品
  1. 硅胶保鲜盖套装 - 佣金45% - 评分22.25
  2. 多功能厨房剪刀 - 佣金40% - 评分19.78
  3. 便携折叠收纳箱 - 佣金35% - 评分17.41
📝 生成商品详情...
  ✅ 商品1: 硅胶保鲜盖套装
  ✅ 商品2: 多功能厨房剪刀
  ✅ 商品3: 便携折叠收纳箱

✅ 自动选品完成！
📦 已选定3个高佣商品
📁 数据保存在: /home/user/.openclaw/workspace/douyin-auto/data/
⏰ 下次选品: 1小时后
========================================
🚀 [2026-03-09 06:04:42] 开始自动上架...
========================================
🚀 抖店自动上架系统
========================================

📤 正在自动上架商品到抖店...
📝 准备上架3个商品
Traceback (most recent call last):
  File "<stdin>", line 17, in <module>
FileNotFoundError: [Errno 2] No such file or directory: '/home/user/.openclaw/workspace/douyin-auto/data/product_20260309_06_{i}.json'
🤖 [2026-03-09 12:04:42] 开始自动选品...
========================================
🤖 抖音自动选品系统 - 全自动模式
========================================

🔍 正在抓取高佣商品...
✅ 已抓取5个高佣商品
🧠 智能筛选商品...
✅ 智能筛选完成，选定3个商品
  1. 硅胶保鲜盖套装 - 佣金45% - 评分22.25
  2. 多功能厨房剪刀 - 佣金40% - 评分19.78
  3. 便携折叠收纳箱 - 佣金35% - 评分17.41
📝 生成商品详情...
  ✅ 商品1: 硅胶保鲜盖套装
  ✅ 商品2: 多功能厨房剪刀
  ✅ 商品3: 便携折叠收纳箱

✅ 自动选品完成！
📦 已选定3个高佣商品
📁 数据保存在: /home/user/.openclaw/workspace/douyin-auto/data/
⏰ 下次选品: 1小时后
========================================
🚀 [2026-03-09 12:04:42] 开始自动上架...
========================================
🚀 抖店自动上架系统
========================================

📤 正在自动上架商品到抖店...
📝 准备上架3个商品
Traceback (most recent call last):
  File "<stdin>", line 17, in <module>
FileNotFoundError: [Errno 2] No such file or directory: '/home/user/.openclaw/workspace/douyin-auto/data/product_20260309_12_{i}.json'
🤖 [2026-03-09 18:04:42] 开始自动选品...
========================================
🤖 抖音自动选品系统 - 全自动模式
========================================

🔍 正在抓取高佣商品...
✅ 已抓取5个高佣商品
🧠 智能筛选商品...
✅ 智能筛选完成，选定3个商品
  1. 硅胶保鲜盖套装 - 佣金45% - 评分22.25
  2. 多功能厨房剪刀 - 佣金40% - 评分19.78
  3. 便携折叠收纳箱 - 佣金35% - 评分17.41
📝 生成商品详情...
  ✅ 商品1: 硅胶保鲜盖套装
  ✅ 商品2: 多功能厨房剪刀
  ✅ 商品3: 便携折叠收纳箱

✅ 自动选品完成！
📦 已选定3个高佣商品
📁 数据保存在: /home/user/.openclaw/workspace/douyin-auto/data/
⏰ 下次选品: 1小时后
========================================
🚀 [2026-03-09 18:04:42] 开始自动上架...
========================================
🚀 抖店自动上架系统
========================================

📤 正在自动上架商品到抖店...
📝 准备上架3个商品
Traceback (most recent call last):
  File "<stdin>", line 17, in <module>
FileNotFoundError: [Errno 2] No such file or directory: '/home/user/.openclaw/workspace/douyin-auto/data/product_20260309_18_{i}.json'
🤖 [2026-03-10 00:04:40] 开始自动选品...
========================================
🤖 抖音自动选品系统 - 全自动模式
========================================

🔍 正在抓取高佣商品...
✅ 已抓取5个高佣商品
🧠 智能筛选商品...
✅ 智能筛选完成，选定3个商品
  1. 硅胶保鲜盖套装 - 佣金45% - 评分22.25
  2. 多功能厨房剪刀 - 佣金40% - 评分19.78
  3. 便携折叠收纳箱 - 佣金35% - 评分17.41
📝 生成商品详情...
  ✅ 商品1: 硅胶保鲜盖套装
  ✅ 商品2: 多功能厨房剪刀
  ✅ 商品3: 便携折叠收纳箱

✅ 自动选品完成！
📦 已选定3个高佣商品
📁 数据保存在: /home/user/.openclaw/workspace/douyin-auto/data/
⏰ 下次选品: 1小时后
========================================
🚀 [2026-03-10 00:04:40] 开始自动上架...
========================================
🚀 抖店自动上架系统
========================================

📤 正在自动上架商品到抖店...
📝 准备上架3个商品
Traceback (most recent call last):
  File "<stdin>", line 17, in <module>
FileNotFoundError: [Errno 2] No such file or directory: '/home/user/.openclaw/workspace/douyin-auto/data/product_20260310_00_{i}.json'
🤖 [2026-03-10 06:04:38] 开始自动选品...
========================================
🤖 抖音自动选品系统 - 全自动模式
========================================

🔍 正在抓取高佣商品...
✅ 已抓取5个高佣商品
🧠 智能筛选商品...
✅ 智能筛选完成，选定3个商品
  1. 硅胶保鲜盖套装 - 佣金45% - 评分22.25
  2. 多功能厨房剪刀 - 佣金40% - 评分19.78
  3. 便携折叠收纳箱 - 佣金35% - 评分17.41
📝 生成商品详情...
  ✅ 商品1: 硅胶保鲜盖套装
  ✅ 商品2: 多功能厨房剪刀
  ✅ 商品3: 便携折叠收纳箱

✅ 自动选品完成！
📦 已选定3个高佣商品
📁 数据保存在: /home/user/.openclaw/workspace/douyin-auto/data/
⏰ 下次选品: 1小时后
========================================
🚀 [2026-03-10 06:04:38] 开始自动上架...
========================================
🚀 抖店自动上架系统
========================================

📤 正在自动上架商品到抖店...
📝 准备上架3个商品
Traceback (most recent call last):
  File "<stdin>", line 17, in <module>
FileNotFoundError: [Errno 2] No such file or directory: '/home/user/.openclaw/workspace/douyin-auto/data/product_20260310_06_{i}.json'
🤖 [2026-03-10 12:04:38] 开始自动选品...
========================================
🤖 抖音自动选品系统 - 全自动模式
========================================

🔍 正在抓取高佣商品...
✅ 已抓取5个高佣商品
🧠 智能筛选商品...
✅ 智能筛选完成，选定3个商品
  1. 硅胶保鲜盖套装 - 佣金45% - 评分22.25
  2. 多功能厨房剪刀 - 佣金40% - 评分19.78
  3. 便携折叠收纳箱 - 佣金35% - 评分17.41
📝 生成商品详情...
  ✅ 商品1: 硅胶保鲜盖套装
  ✅ 商品2: 多功能厨房剪刀
  ✅ 商品3: 便携折叠收纳箱

✅ 自动选品完成！
📦 已选定3个高佣商品
📁 数据保存在: /home/user/.openclaw/workspace/douyin-auto/data/
⏰ 下次选品: 1小时后
========================================
🚀 [2026-03-10 12:04:38] 开始自动上架...
========================================
🚀 抖店自动上架系统
========================================

📤 正在自动上架商品到抖店...
📝 准备上架3个商品
Traceback (most recent call last):
  File "<stdin>", line 17, in <module>
FileNotFoundError: [Errno 2] No such file or directory: '/home/user/.openclaw/workspace/douyin-auto/data/product_20260310_12_{i}.json'
🤖 [2026-03-10 18:04:43] 开始自动选品...
========================================
🤖 抖音自动选品系统 - 全自动模式
========================================

🔍 正在抓取高佣商品...
✅ 已抓取5个高佣商品
🧠 智能筛选商品...
✅ 智能筛选完成，选定3个商品
  1. 硅胶保鲜盖套装 - 佣金45% - 评分22.25
  2. 多功能厨房剪刀 - 佣金40% - 评分19.78
  3. 便携折叠收纳箱 - 佣金35% - 评分17.41
📝 生成商品详情...
  ✅ 商品1: 硅胶保鲜盖套装
  ✅ 商品2: 多功能厨房剪刀
  ✅ 商品3: 便携折叠收纳箱

✅ 自动选品完成！
📦 已选定3个高佣商品
📁 数据保存在: /home/user/.openclaw/workspace/douyin-auto/data/
⏰ 下次选品: 1小时后
========================================
🚀 [2026-03-10 18:04:43] 开始自动上架...
========================================
🚀 抖店自动上架系统
========================================

📤 正在自动上架商品到抖店...
📝 准备上架3个商品
Traceback (most recent call last):
  File "<stdin>", line 17, in <module>
FileNotFoundError: [Errno 2] No such file or directory: '/home/user/.openclaw/workspace/douyin-auto/data/product_20260310_18_{i}.json'
🤖 [2026-03-11 00:04:42] 开始自动选品...
========================================
🤖 抖音自动选品系统 - 全自动模式
========================================

🔍 正在抓取高佣商品...
✅ 已抓取5个高佣商品
🧠 智能筛选商品...
✅ 智能筛选完成，选定3个商品
  1. 硅胶保鲜盖套装 - 佣金45% - 评分22.25
  2. 多功能厨房剪刀 - 佣金40% - 评分19.78
  3. 便携折叠收纳箱 - 佣金35% - 评分17.41
📝 生成商品详情...
  ✅ 商品1: 硅胶保鲜盖套装
  ✅ 商品2: 多功能厨房剪刀
  ✅ 商品3: 便携折叠收纳箱

✅ 自动选品完成！
📦 已选定3个高佣商品
📁 数据保存在: /home/user/.openclaw/workspace/douyin-auto/data/
⏰ 下次选品: 1小时后
========================================
🚀 [2026-03-11 00:04:42] 开始自动上架...
========================================
🚀 抖店自动上架系统
========================================

📤 正在自动上架商品到抖店...
📝 准备上架3个商品
Traceback (most recent call last):
  File "<stdin>", line 17, in <module>
FileNotFoundError: [Errno 2] No such file or directory: '/home/user/.openclaw/workspace/douyin-auto/data/product_20260311_00_{i}.json'
🤖 [2026-03-11 06:04:38] 开始自动选品...
========================================
🤖 抖音自动选品系统 - 全自动模式
========================================

🔍 正在抓取高佣商品...
✅ 已抓取5个高佣商品
🧠 智能筛选商品...
✅ 智能筛选完成，选定3个商品
  1. 硅胶保鲜盖套装 - 佣金45% - 评分22.25
  2. 多功能厨房剪刀 - 佣金40% - 评分19.78
  3. 便携折叠收纳箱 - 佣金35% - 评分17.41
📝 生成商品详情...
  ✅ 商品1: 硅胶保鲜盖套装
  ✅ 商品2: 多功能厨房剪刀
  ✅ 商品3: 便携折叠收纳箱

✅ 自动选品完成！
📦 已选定3个高佣商品
📁 数据保存在: /home/user/.openclaw/workspace/douyin-auto/data/
⏰ 下次选品: 1小时后
========================================
🚀 [2026-03-11 06:04:38] 开始自动上架...
========================================
🚀 抖店自动上架系统
========================================

📤 正在自动上架商品到抖店...
📝 准备上架3个商品
Traceback (most recent call last):
  File "<stdin>", line 17, in <module>
FileNotFoundError: [Errno 2] No such file or directory: '/home/user/.openclaw/workspace/douyin-auto/data/product_20260311_06_{i}.json'
🤖 [2026-03-11 18:04:42] 开始自动选品...
========================================
🤖 抖音自动选品系统 - 全自动模式
========================================

🔍 正在抓取高佣商品...
✅ 已抓取5个高佣商品
🧠 智能筛选商品...
✅ 智能筛选完成，选定3个商品
  1. 硅胶保鲜盖套装 - 佣金45% - 评分22.25
  2. 多功能厨房剪刀 - 佣金40% - 评分19.78
  3. 便携折叠收纳箱 - 佣金35% - 评分17.41
📝 生成商品详情...
  ✅ 商品1: 硅胶保鲜盖套装
  ✅ 商品2: 多功能厨房剪刀
  ✅ 商品3: 便携折叠收纳箱

✅ 自动选品完成！
📦 已选定3个高佣商品
📁 数据保存在: /home/user/.openclaw/workspace/douyin-auto/data/
⏰ 下次选品: 1小时后
========================================
🚀 [2026-03-11 18:04:42] 开始自动上架...
========================================
🚀 抖店自动上架系统
========================================

📤 正在自动上架商品到抖店...
📝 准备上架3个商品
Traceback (most recent call last):
  File "<stdin>", line 17, in <module>
FileNotFoundError: [Errno 2] No such file or directory: '/home/user/.openclaw/workspace/douyin-auto/data/product_20260311_18_{i}.json'
🤖 [2026-03-12 00:04:39] 开始自动选品...
========================================
🤖 抖音自动选品系统 - 全自动模式
========================================

🔍 正在抓取高佣商品...
✅ 已抓取5个高佣商品
🧠 智能筛选商品...
✅ 智能筛选完成，选定3个商品
  1. 硅胶保鲜盖套装 - 佣金45% - 评分22.25
  2. 多功能厨房剪刀 - 佣金40% - 评分19.78
  3. 便携折叠收纳箱 - 佣金35% - 评分17.41
📝 生成商品详情...
  ✅ 商品1: 硅胶保鲜盖套装
  ✅ 商品2: 多功能厨房剪刀
  ✅ 商品3: 便携折叠收纳箱

✅ 自动选品完成！
📦 已选定3个高佣商品
📁 数据保存在: /home/user/.openclaw/workspace/douyin-auto/data/
⏰ 下次选品: 1小时后
========================================
🚀 [2026-03-12 00:04:39] 开始自动上架...
========================================
🚀 抖店自动上架系统
========================================

📤 正在自动上架商品到抖店...
📝 准备上架3个商品
Traceback (most recent call last):
  File "<stdin>", line 17, in <module>
FileNotFoundError: [Errno 2] No such file or directory: '/home/user/.openclaw/workspace/douyin-auto/data/product_20260312_00_{i}.json'
🤖 [2026-03-20 06:04:43] 开始自动选品...
========================================
🤖 抖音自动选品系统 - 全自动模式
========================================

🔍 正在抓取高佣商品...
✅ 已抓取5个高佣商品
🧠 智能筛选商品...
✅ 智能筛选完成，选定3个商品
  1. 硅胶保鲜盖套装 - 佣金45% - 评分22.25
  2. 多功能厨房剪刀 - 佣金40% - 评分19.78
  3. 便携折叠收纳箱 - 佣金35% - 评分17.41
📝 生成商品详情...
  ✅ 商品1: 硅胶保鲜盖套装
  ✅ 商品2: 多功能厨房剪刀
  ✅ 商品3: 便携折叠收纳箱

✅ 自动选品完成！
📦 已选定3个高佣商品
📁 数据保存在: /home/user/.openclaw/workspace/douyin-auto/data/
⏰ 下次选品: 1小时后
========================================
🚀 [2026-03-20 06:04:43] 开始自动上架...
========================================
🚀 抖店自动上架系统
========================================

📤 正在自动上架商品到抖店...
📝 准备上架3个商品
Traceback (most recent call last):
  File "<stdin>", line 17, in <module>
FileNotFoundError: [Errno 2] No such file or directory: '/home/user/.openclaw/workspace/douyin-auto/data/product_20260320_06_{i}.json'
🤖 [2026-03-20 18:04:37] 开始自动选品...
========================================
🤖 抖音自动选品系统 - 全自动模式
========================================

🔍 正在抓取高佣商品...
✅ 已抓取5个高佣商品
🧠 智能筛选商品...
✅ 智能筛选完成，选定3个商品
  1. 硅胶保鲜盖套装 - 佣金45% - 评分22.25
  2. 多功能厨房剪刀 - 佣金40% - 评分19.78
  3. 便携折叠收纳箱 - 佣金35% - 评分17.41
📝 生成商品详情...
  ✅ 商品1: 硅胶保鲜盖套装
  ✅ 商品2: 多功能厨房剪刀
  ✅ 商品3: 便携折叠收纳箱

✅ 自动选品完成！
📦 已选定3个高佣商品
📁 数据保存在: /home/user/.openclaw/workspace/douyin-auto/data/
⏰ 下次选品: 1小时后
========================================
🚀 [2026-03-20 18:04:37] 开始自动上架...
========================================
🚀 抖店自动上架系统
========================================

📤 正在自动上架商品到抖店...
📝 准备上架3个商品
Traceback (most recent call last):
  File "<stdin>", line 17, in <module>
FileNotFoundError: [Errno 2] No such file or directory: '/home/user/.openclaw/workspace/douyin-auto/data/product_20260320_18_{i}.json'
🤖 [2026-03-21 00:04:37] 开始自动选品...
========================================
🤖 抖音自动选品系统 - 全自动模式
========================================

🔍 正在抓取高佣商品...
✅ 已抓取5个高佣商品
🧠 智能筛选商品...
✅ 智能筛选完成，选定3个商品
  1. 硅胶保鲜盖套装 - 佣金45% - 评分22.25
  2. 多功能厨房剪刀 - 佣金40% - 评分19.78
  3. 便携折叠收纳箱 - 佣金35% - 评分17.41
📝 生成商品详情...
  ✅ 商品1: 硅胶保鲜盖套装
  ✅ 商品2: 多功能厨房剪刀
  ✅ 商品3: 便携折叠收纳箱

✅ 自动选品完成！
📦 已选定3个高佣商品
📁 数据保存在: /home/user/.openclaw/workspace/douyin-auto/data/
⏰ 下次选品: 1小时后
========================================
🚀 [2026-03-21 00:04:38] 开始自动上架...
========================================
🚀 抖店自动上架系统
========================================

📤 正在自动上架商品到抖店...
📝 准备上架3个商品
Traceback (most recent call last):
  File "<stdin>", line 17, in <module>
FileNotFoundError: [Errno 2] No such file or directory: '/home/user/.openclaw/workspace/douyin-auto/data/product_20260321_00_{i}.json'
🤖 [2026-03-21 06:04:41] 开始自动选品...
========================================
🤖 抖音自动选品系统 - 全自动模式
========================================

🔍 正在抓取高佣商品...
✅ 已抓取5个高佣商品
🧠 智能筛选商品...
✅ 智能筛选完成，选定3个商品
  1. 硅胶保鲜盖套装 - 佣金45% - 评分22.25
  2. 多功能厨房剪刀 - 佣金40% - 评分19.78
  3. 便携折叠收纳箱 - 佣金35% - 评分17.41
📝 生成商品详情...
  ✅ 商品1: 硅胶保鲜盖套装
  ✅ 商品2: 多功能厨房剪刀
  ✅ 商品3: 便携折叠收纳箱

✅ 自动选品完成！
📦 已选定3个高佣商品
📁 数据保存在: /home/user/.openclaw/workspace/douyin-auto/data/
⏰ 下次选品: 1小时后
========================================
🚀 [2026-03-21 06:04:42] 开始自动上架...
========================================
🚀 抖店自动上架系统
========================================

📤 正在自动上架商品到抖店...
📝 准备上架3个商品
Traceback (most recent call last):
  File "<stdin>", line 17, in <module>
FileNotFoundError: [Errno 2] No such file or directory: '/home/user/.openclaw/workspace/douyin-auto/data/product_20260321_06_{i}.json'
🤖 [2026-03-21 12:04:39] 开始自动选品...
========================================
🤖 抖音自动选品系统 - 全自动模式
========================================

🔍 正在抓取高佣商品...
✅ 已抓取5个高佣商品
🧠 智能筛选商品...
✅ 智能筛选完成，选定3个商品
  1. 硅胶保鲜盖套装 - 佣金45% - 评分22.25
  2. 多功能厨房剪刀 - 佣金40% - 评分19.78
  3. 便携折叠收纳箱 - 佣金35% - 评分17.41
📝 生成商品详情...
  ✅ 商品1: 硅胶保鲜盖套装
  ✅ 商品2: 多功能厨房剪刀
  ✅ 商品3: 便携折叠收纳箱

✅ 自动选品完成！
📦 已选定3个高佣商品
📁 数据保存在: /home/user/.openclaw/workspace/douyin-auto/data/
⏰ 下次选品: 1小时后
========================================
🚀 [2026-03-21 12:04:39] 开始自动上架...
========================================
🚀 抖店自动上架系统
========================================

📤 正在自动上架商品到抖店...
📝 准备上架3个商品
Traceback (most recent call last):
  File "<stdin>", line 17, in <module>
FileNotFoundError: [Errno 2] No such file or directory: '/home/user/.openclaw/workspace/douyin-auto/data/product_20260321_12_{i}.json'
🤖 [2026-03-21 18:04:39] 开始自动选品...
========================================
🤖 抖音自动选品系统 - 全自动模式
========================================

🔍 正在抓取高佣商品...
✅ 已抓取5个高佣商品
🧠 智能筛选商品...
✅ 智能筛选完成，选定3个商品
  1. 硅胶保鲜盖套装 - 佣金45% - 评分22.25
  2. 多功能厨房剪刀 - 佣金40% - 评分19.78
  3. 便携折叠收纳箱 - 佣金35% - 评分17.41
📝 生成商品详情...
  ✅ 商品1: 硅胶保鲜盖套装
  ✅ 商品2: 多功能厨房剪刀
  ✅ 商品3: 便携折叠收纳箱

✅ 自动选品完成！
📦 已选定3个高佣商品
📁 数据保存在: /home/user/.openclaw/workspace/douyin-auto/data/
⏰ 下次选品: 1小时后
========================================
🚀 [2026-03-21 18:04:39] 开始自动上架...
========================================
🚀 抖店自动上架系统
========================================

📤 正在自动上架商品到抖店...
📝 准备上架3个商品
Traceback (most recent call last):
  File "<stdin>", line 17, in <module>
FileNotFoundError: [Errno 2] No such file or directory: '/home/user/.openclaw/workspace/douyin-auto/data/product_20260321_18_{i}.json'
🤖 [2026-03-22 00:07:10] 开始自动选品...
========================================
🤖 抖音自动选品系统 - 全自动模式
========================================

🔍 正在抓取高佣商品...
✅ 已抓取5个高佣商品
🧠 智能筛选商品...
✅ 智能筛选完成，选定3个商品
  1. 硅胶保鲜盖套装 - 佣金45% - 评分22.25
  2. 多功能厨房剪刀 - 佣金40% - 评分19.78
  3. 便携折叠收纳箱 - 佣金35% - 评分17.41
📝 生成商品详情...
  ✅ 商品1: 硅胶保鲜盖套装
  ✅ 商品2: 多功能厨房剪刀
  ✅ 商品3: 便携折叠收纳箱

✅ 自动选品完成！
📦 已选定3个高佣商品
📁 数据保存在: /home/user/.openclaw/workspace/douyin-auto/data/
⏰ 下次选品: 1小时后
========================================
🚀 [2026-03-22 00:07:10] 开始自动上架...
========================================
🚀 抖店自动上架系统
========================================

📤 正在自动上架商品到抖店...
📝 准备上架3个商品
Traceback (most recent call last):
  File "<stdin>", line 17, in <module>
FileNotFoundError: [Errno 2] No such file or directory: '/home/user/.openclaw/workspace/douyin-auto/data/product_20260322_00_{i}.json'
🤖 [2026-03-22 06:04:38] 开始自动选品...
========================================
🤖 抖音自动选品系统 - 全自动模式
========================================

🔍 正在抓取高佣商品...
✅ 已抓取5个高佣商品
🧠 智能筛选商品...
✅ 智能筛选完成，选定3个商品
  1. 硅胶保鲜盖套装 - 佣金45% - 评分22.25
  2. 多功能厨房剪刀 - 佣金40% - 评分19.78
  3. 便携折叠收纳箱 - 佣金35% - 评分17.41
📝 生成商品详情...
  ✅ 商品1: 硅胶保鲜盖套装
  ✅ 商品2: 多功能厨房剪刀
  ✅ 商品3: 便携折叠收纳箱

✅ 自动选品完成！
📦 已选定3个高佣商品
📁 数据保存在: /home/user/.openclaw/workspace/douyin-auto/data/
⏰ 下次选品: 1小时后
========================================
🚀 [2026-03-22 06:04:38] 开始自动上架...
========================================
🚀 抖店自动上架系统
========================================

📤 正在自动上架商品到抖店...
📝 准备上架3个商品
Traceback (most recent call last):
  File "<stdin>", line 17, in <module>
FileNotFoundError: [Errno 2] No such file or directory: '/home/user/.openclaw/workspace/douyin-auto/data/product_20260322_06_{i}.json'
🤖 [2026-03-22 12:04:39] 开始自动选品...
========================================
🤖 抖音自动选品系统 - 全自动模式
========================================

🔍 正在抓取高佣商品...
✅ 已抓取5个高佣商品
🧠 智能筛选商品...
✅ 智能筛选完成，选定3个商品
  1. 硅胶保鲜盖套装 - 佣金45% - 评分22.25
  2. 多功能厨房剪刀 - 佣金40% - 评分19.78
  3. 便携折叠收纳箱 - 佣金35% - 评分17.41
📝 生成商品详情...
  ✅ 商品1: 硅胶保鲜盖套装
  ✅ 商品2: 多功能厨房剪刀
  ✅ 商品3: 便携折叠收纳箱

✅ 自动选品完成！
📦 已选定3个高佣商品
📁 数据保存在: /home/user/.openclaw/workspace/douyin-auto/data/
⏰ 下次选品: 1小时后
========================================
🚀 [2026-03-22 12:04:39] 开始自动上架...
========================================
🚀 抖店自动上架系统
========================================

📤 正在自动上架商品到抖店...
📝 准备上架3个商品
Traceback (most recent call last):
  File "<stdin>", line 17, in <module>
FileNotFoundError: [Errno 2] No such file or directory: '/home/user/.openclaw/workspace/douyin-auto/data/product_20260322_12_{i}.json'
🤖 [2026-03-22 18:04:43] 开始自动选品...
========================================
🤖 抖音自动选品系统 - 全自动模式
========================================

🔍 正在抓取高佣商品...
✅ 已抓取5个高佣商品
🧠 智能筛选商品...
✅ 智能筛选完成，选定3个商品
  1. 硅胶保鲜盖套装 - 佣金45% - 评分22.25
  2. 多功能厨房剪刀 - 佣金40% - 评分19.78
  3. 便携折叠收纳箱 - 佣金35% - 评分17.41
📝 生成商品详情...
  ✅ 商品1: 硅胶保鲜盖套装
  ✅ 商品2: 多功能厨房剪刀
  ✅ 商品3: 便携折叠收纳箱

✅ 自动选品完成！
📦 已选定3个高佣商品
📁 数据保存在: /home/user/.openclaw/workspace/douyin-auto/data/
⏰ 下次选品: 1小时后
========================================
🚀 [2026-03-22 18:04:43] 开始自动上架...
========================================
🚀 抖店自动上架系统
========================================

📤 正在自动上架商品到抖店...
📝 准备上架3个商品
Traceback (most recent call last):
  File "<stdin>", line 17, in <module>
FileNotFoundError: [Errno 2] No such file or directory: '/home/user/.openclaw/workspace/douyin-auto/data/product_20260322_18_{i}.json'
🤖 [2026-03-23 00:04:43] 开始自动选品...
========================================
🤖 抖音自动选品系统 - 全自动模式
========================================

🔍 正在抓取高佣商品...
✅ 已抓取5个高佣商品
🧠 智能筛选商品...
✅ 智能筛选完成，选定3个商品
  1. 硅胶保鲜盖套装 - 佣金45% - 评分22.25
  2. 多功能厨房剪刀 - 佣金40% - 评分19.78
  3. 便携折叠收纳箱 - 佣金35% - 评分17.41
📝 生成商品详情...
  ✅ 商品1: 硅胶保鲜盖套装
  ✅ 商品2: 多功能厨房剪刀
  ✅ 商品3: 便携折叠收纳箱

✅ 自动选品完成！
📦 已选定3个高佣商品
📁 数据保存在: /home/user/.openclaw/workspace/douyin-auto/data/
⏰ 下次选品: 1小时后
========================================
🚀 [2026-03-23 00:04:43] 开始自动上架...
========================================
🚀 抖店自动上架系统
========================================

📤 正在自动上架商品到抖店...
📝 准备上架3个商品
Traceback (most recent call last):
  File "<stdin>", line 17, in <module>
FileNotFoundError: [Errno 2] No such file or directory: '/home/user/.openclaw/workspace/douyin-auto/data/product_20260323_00_{i}.json'
🤖 [2026-03-23 06:04:43] 开始自动选品...
========================================
🤖 抖音自动选品系统 - 全自动模式
========================================

🔍 正在抓取高佣商品...
✅ 已抓取5个高佣商品
🧠 智能筛选商品...
✅ 智能筛选完成，选定3个商品
  1. 硅胶保鲜盖套装 - 佣金45% - 评分22.25
  2. 多功能厨房剪刀 - 佣金40% - 评分19.78
  3. 便携折叠收纳箱 - 佣金35% - 评分17.41
📝 生成商品详情...
  ✅ 商品1: 硅胶保鲜盖套装
  ✅ 商品2: 多功能厨房剪刀
  ✅ 商品3: 便携折叠收纳箱

✅ 自动选品完成！
📦 已选定3个高佣商品
📁 数据保存在: /home/user/.openclaw/workspace/douyin-auto/data/
⏰ 下次选品: 1小时后
========================================
🚀 [2026-03-23 06:04:43] 开始自动上架...
========================================
🚀 抖店自动上架系统
========================================

📤 正在自动上架商品到抖店...
📝 准备上架3个商品
Traceback (most recent call last):
  File "<stdin>", line 17, in <module>
FileNotFoundError: [Errno 2] No such file or directory: '/home/user/.openclaw/workspace/douyin-auto/data/product_20260323_06_{i}.json'
🤖 [2026-03-23 12:04:38] 开始自动选品...
========================================
🤖 抖音自动选品系统 - 全自动模式
========================================

🔍 正在抓取高佣商品...
✅ 已抓取5个高佣商品
🧠 智能筛选商品...
✅ 智能筛选完成，选定3个商品
  1. 硅胶保鲜盖套装 - 佣金45% - 评分22.25
  2. 多功能厨房剪刀 - 佣金40% - 评分19.78
  3. 便携折叠收纳箱 - 佣金35% - 评分17.41
📝 生成商品详情...
  ✅ 商品1: 硅胶保鲜盖套装
  ✅ 商品2: 多功能厨房剪刀
  ✅ 商品3: 便携折叠收纳箱

✅ 自动选品完成！
📦 已选定3个高佣商品
📁 数据保存在: /home/user/.openclaw/workspace/douyin-auto/data/
⏰ 下次选品: 1小时后
========================================
🚀 [2026-03-23 12:04:38] 开始自动上架...
========================================
🚀 抖店自动上架系统
========================================

📤 正在自动上架商品到抖店...
📝 准备上架3个商品
Traceback (most recent call last):
  File "<stdin>", line 17, in <module>
FileNotFoundError: [Errno 2] No such file or directory: '/home/user/.openclaw/workspace/douyin-auto/data/product_20260323_12_{i}.json'
